\BOOKMARK [0][-]{section*.1}{\376\377\000A\000b\000s\000t\000r\000a\000c\000t}{}% 1
\BOOKMARK [0][-]{section*.2}{\376\377\000L\000i\000s\000t\000\040\000o\000f\000\040\000F\000i\000g\000u\000r\000e\000s}{}% 2
\BOOKMARK [0][-]{section*.3}{\376\377\000L\000i\000s\000t\000\040\000o\000f\000\040\000T\000a\000b\000l\000e\000s}{}% 3
\BOOKMARK [0][-]{chapter.1}{\376\377\000I\000n\000t\000r\000o\000d\000u\000c\000t\000i\000o\000n}{}% 4
\BOOKMARK [1][-]{section.1.1}{\376\377\000Q\000u\000e\000s\000t\000i\000o\000n\000s\000\040\000a\000n\000d\000\040\000c\000o\000n\000t\000r\000i\000b\000u\000t\000i\000o\000n}{chapter.1}% 5
\BOOKMARK [1][-]{section.1.2}{\376\377\000O\000r\000g\000a\000n\000i\000s\000a\000t\000i\000o\000n\000\040\000o\000f\000\040\000t\000h\000e\000\040\000t\000h\000e\000s\000i\000s}{chapter.1}% 6
\BOOKMARK [0][-]{chapter.2}{\376\377\000M\000o\000d\000e\000l\000\040\000a\000n\000d\000\040\000R\000e\000g\000u\000l\000a\000r\000i\000s\000a\000t\000i\000o\000n\000\040\000M\000e\000t\000h\000o\000d\000s}{}% 7
\BOOKMARK [1][-]{section.2.1}{\376\377\000T\000h\000e\000\040\000m\000o\000d\000e\000l\000\040\000a\000n\000d\000\040\000t\000h\000e\000\040\000i\000d\000e\000n\000t\000i\000f\000i\000e\000d\000\040\000s\000l\000o\000p\000e}{chapter.2}% 8
\BOOKMARK [1][-]{section.2.2}{\376\377\000S\000l\000o\000p\000e\000\040\000r\000e\000c\000o\000v\000e\000r\000y\000\040\000a\000n\000d\000\040\000p\000r\000e\000d\000i\000c\000t\000i\000o\000n}{chapter.2}% 9
\BOOKMARK [1][-]{section.2.3}{\376\377\000T\000h\000e\000\040\000e\000m\000p\000i\000r\000i\000c\000a\000l\000\040\000p\000r\000o\000b\000l\000e\000m}{chapter.2}% 10
\BOOKMARK [1][-]{section.2.4}{\376\377\000F\000u\000n\000c\000t\000i\000o\000n\000a\000l\000\040\000p\000r\000i\000n\000c\000i\000p\000a\000l\000\040\000c\000o\000m\000p\000o\000n\000e\000n\000t\000\040\000r\000e\000g\000r\000e\000s\000s\000i\000o\000n}{chapter.2}% 11
\BOOKMARK [1][-]{section.2.5}{\376\377\000R\000a\000w\000\040\000a\000n\000d\000\040\000A\000r\000n\000o\000l\000d\000i\000\040\000F\000P\000L\000S}{chapter.2}% 12
\BOOKMARK [1][-]{section.2.6}{\376\377\000C\000G\040\023\000F\000P\000L\000S\000\040\000a\000n\000d\000\040\000d\000i\000s\000c\000r\000e\000p\000a\000n\000c\000y\000\040\000s\000t\000o\000p\000p\000i\000n\000g}{chapter.2}% 13
\BOOKMARK [1][-]{section.2.7}{\376\377\000W\000h\000a\000t\000\040\000t\000h\000e\000\040\000f\000o\000u\000r\000-\000m\000e\000t\000h\000o\000d\000\040\000c\000o\000m\000p\000a\000r\000i\000s\000o\000n\000\040\000i\000d\000e\000n\000t\000i\000f\000i\000e\000s}{chapter.2}% 14
\BOOKMARK [0][-]{chapter.3}{\376\377\000S\000i\000m\000u\000l\000a\000t\000i\000o\000n\000\040\000D\000e\000s\000i\000g\000n\000\040\000a\000n\000d\000\040\000R\000e\000s\000u\000l\000t\000s}{}% 15
\BOOKMARK [1][-]{section.3.1}{\376\377\000T\000h\000r\000e\000e\000\040\000c\000o\000n\000t\000r\000o\000l\000l\000e\000d\000\040\000d\000a\000t\000a\000-\000g\000e\000n\000e\000r\000a\000t\000i\000n\000g\000\040\000m\000o\000d\000e\000l\000s}{chapter.3}% 16
\BOOKMARK [1][-]{section.3.2}{\376\377\000E\000s\000t\000i\000m\000a\000t\000i\000o\000n\000,\000\040\000t\000u\000n\000i\000n\000g\000,\000\040\000a\000n\000d\000\040\000e\000v\000a\000l\000u\000a\000t\000i\000o\000n}{chapter.3}% 17
\BOOKMARK [1][-]{section.3.3}{\376\377\000S\000l\000o\000p\000e\000\040\000r\000e\000c\000o\000v\000e\000r\000y\000\040\000a\000n\000d\000\040\000p\000r\000e\000d\000i\000c\000t\000i\000o\000n}{chapter.3}% 18
\BOOKMARK [1][-]{section.3.4}{\376\377\000S\000e\000l\000e\000c\000t\000e\000d\000\040\000d\000i\000m\000e\000n\000s\000i\000o\000n\000s\000\040\000a\000n\000d\000\040\000t\000h\000e\000\040\000n\000o\000i\000s\000e\000\040\000e\000s\000t\000i\000m\000a\000t\000e}{chapter.3}% 19
\BOOKMARK [1][-]{section.3.5}{\376\377\000N\000u\000m\000e\000r\000i\000c\000a\000l\000\040\000s\000t\000a\000b\000i\000l\000i\000t\000y}{chapter.3}% 20
\BOOKMARK [1][-]{section.3.6}{\376\377\000E\000x\000p\000l\000a\000i\000n\000i\000n\000g\000\040\000t\000h\000e\000\040\000b\000i\000a\000s\040\023\000v\000a\000r\000i\000a\000n\000c\000e\000\040\000t\000r\000a\000d\000e\000-\000o\000f\000f}{chapter.3}% 21
\BOOKMARK [0][-]{chapter.4}{\376\377\000I\000n\000f\000e\000r\000e\000n\000c\000e\000:\000\040\000M\000e\000t\000h\000o\000d\000o\000l\000o\000g\000y\000\040\000a\000n\000d\000\040\000R\000e\000s\000u\000l\000t\000s}{}% 22
\BOOKMARK [1][-]{section.4.1}{\376\377\000T\000h\000e\000\040\000h\000y\000p\000o\000t\000h\000e\000s\000i\000s\000\040\000a\000n\000d\000\040\000t\000h\000e\000\040\000r\000o\000l\000e\000\040\000o\000f\000\040\000s\000t\000o\000p\000p\000i\000n\000g}{chapter.4}% 23
\BOOKMARK [1][-]{section.4.2}{\376\377\000N\000u\000l\000l\000\040\000l\000a\000w\000\040\000a\000n\000d\000\040\000c\000a\000l\000i\000b\000r\000a\000t\000i\000o\000n}{chapter.4}% 24
\BOOKMARK [1][-]{section.4.3}{\376\377\000S\000t\000o\000p\000p\000i\000n\000g\000\040\000a\000n\000d\000\040\000n\000u\000l\000l\000\040\000r\000e\000j\000e\000c\000t\000i\000o\000n\000\040\000i\000n\000\040\000t\000h\000e\000\040\000s\000i\000m\000u\000l\000a\000t\000i\000o\000n\000s}{chapter.4}% 25
\BOOKMARK [1][-]{section.4.4}{\376\377\000P\000o\000w\000e\000r\000\040\000a\000g\000a\000i\000n\000s\000t\000\040\000s\000l\000o\000p\000e\000\040\000c\000h\000a\000n\000g\000e\000s}{chapter.4}% 26
\BOOKMARK [1][-]{section.4.5}{\376\377\000C\000o\000n\000f\000i\000d\000e\000n\000c\000e\000\040\000s\000e\000t\000s\000\040\000a\000n\000d\000\040\000t\000h\000e\000i\000r\000\040\000i\000n\000t\000e\000r\000p\000r\000e\000t\000a\000t\000i\000o\000n}{chapter.4}% 27
\BOOKMARK [0][-]{chapter.5}{\376\377\000E\000m\000p\000i\000r\000i\000c\000a\000l\000\040\000A\000p\000p\000l\000i\000c\000a\000t\000i\000o\000n\000:\000\040\000T\000a\000b\000l\000e\000t\000\040\000S\000p\000e\000c\000t\000r\000o\000s\000c\000o\000p\000y}{}% 28
\BOOKMARK [1][-]{section.5.1}{\376\377\000D\000a\000t\000a\000\040\000a\000n\000d\000\040\000e\000v\000a\000l\000u\000a\000t\000i\000o\000n}{chapter.5}% 29
\BOOKMARK [1][-]{section.5.2}{\376\377\000P\000r\000e\000d\000i\000c\000t\000i\000o\000n\000\040\000a\000n\000d\000\040\000n\000u\000m\000e\000r\000i\000c\000a\000l\000\040\000s\000t\000a\000b\000i\000l\000i\000t\000y}{chapter.5}% 30
\BOOKMARK [1][-]{section.5.3}{\376\377\000S\000e\000n\000s\000i\000t\000i\000v\000i\000t\000y\000\040\000a\000n\000d\000\040\000i\000n\000t\000e\000r\000p\000r\000e\000t\000a\000t\000i\000o\000n}{chapter.5}% 31
\BOOKMARK [0][-]{chapter.6}{\376\377\000C\000o\000n\000c\000l\000u\000s\000i\000o\000n\000\040\000a\000n\000d\000\040\000O\000u\000t\000l\000o\000o\000k}{}% 32
\BOOKMARK [1][-]{section.6.1}{\376\377\000A\000n\000s\000w\000e\000r\000s\000\040\000t\000o\000\040\000t\000h\000e\000\040\000r\000e\000s\000e\000a\000r\000c\000h\000\040\000q\000u\000e\000s\000t\000i\000o\000n\000s}{chapter.6}% 33
\BOOKMARK [1][-]{section.6.2}{\376\377\000S\000c\000o\000p\000e\000\040\000a\000n\000d\000\040\000f\000u\000r\000t\000h\000e\000r\000\040\000w\000o\000r\000k}{chapter.6}% 34
\BOOKMARK [0][-]{section.6.2}{\376\377\000R\000e\000f\000e\000r\000e\000n\000c\000e\000s}{}% 35
\BOOKMARK [0][-]{chapter.A}{\376\377\000L\000i\000t\000e\000r\000a\000t\000u\000r\000e\000\040\000a\000n\000d\000\040\000F\000u\000n\000c\000t\000i\000o\000n\000a\000l\000\040\000R\000e\000g\000r\000e\000s\000s\000i\000o\000n\000\040\000B\000a\000c\000k\000g\000r\000o\000u\000n\000d}{}% 36
\BOOKMARK [1][-]{section.A.1}{\376\377\000F\000u\000n\000c\000t\000i\000o\000n\000a\000l\000\040\000o\000b\000s\000e\000r\000v\000a\000t\000i\000o\000n\000s\000\040\000f\000r\000o\000m\000\040\000d\000i\000s\000c\000r\000e\000t\000e\000\040\000m\000e\000a\000s\000u\000r\000e\000m\000e\000n\000t\000s}{chapter.A}% 37
\BOOKMARK [1][-]{section.A.2}{\376\377\000H\000i\000l\000b\000e\000r\000t\000-\000s\000p\000a\000c\000e\000\040\000f\000o\000u\000n\000d\000a\000t\000i\000o\000n\000s}{chapter.A}% 38
\BOOKMARK [2][-]{subsection.A.2.1}{\376\377\000T\000h\000e\000\040\000s\000p\000a\000c\000e\000\040\000o\000f\000\040\000s\000q\000u\000a\000r\000e\000-\000i\000n\000t\000e\000g\000r\000a\000b\000l\000e\000\040\000f\000u\000n\000c\000t\000i\000o\000n\000s}{section.A.2}% 39
\BOOKMARK [2][-]{subsection.A.2.2}{\376\377\000O\000r\000t\000h\000o\000g\000o\000n\000a\000l\000i\000t\000y\000,\000\040\000b\000a\000s\000e\000s\000,\000\040\000a\000n\000d\000\040\000p\000r\000o\000j\000e\000c\000t\000i\000o\000n\000s}{section.A.2}% 40
\BOOKMARK [1][-]{section.A.3}{\376\377\000R\000a\000n\000d\000o\000m\000\040\000f\000u\000n\000c\000t\000i\000o\000n\000s\000\040\000a\000n\000d\000\040\000c\000o\000v\000a\000r\000i\000a\000n\000c\000e\000\040\000o\000p\000e\000r\000a\000t\000o\000r\000s}{chapter.A}% 41
\BOOKMARK [2][-]{subsection.A.3.1}{\376\377\000R\000a\000n\000d\000o\000m\000\040\000e\000l\000e\000m\000e\000n\000t\000s\000\040\000i\000n\000\040\000L\0002}{section.A.3}% 42
\BOOKMARK [2][-]{subsection.A.3.2}{\376\377\000P\000r\000o\000p\000e\000r\000t\000i\000e\000s\000\040\000a\000n\000d\000\040\000s\000p\000e\000c\000t\000r\000a\000l\000\040\000r\000e\000p\000r\000e\000s\000e\000n\000t\000a\000t\000i\000o\000n}{section.A.3}% 43
\BOOKMARK [1][-]{section.A.4}{\376\377\000T\000h\000e\000\040\000s\000c\000a\000l\000a\000r\000-\000o\000n\000-\000f\000u\000n\000c\000t\000i\000o\000n\000\040\000l\000i\000n\000e\000a\000r\000\040\000m\000o\000d\000e\000l}{chapter.A}% 44
\BOOKMARK [1][-]{section.A.5}{\376\377\000I\000d\000e\000n\000t\000i\000f\000i\000c\000a\000t\000i\000o\000n\000\040\000a\000n\000d\000\040\000i\000l\000l\000-\000p\000o\000s\000e\000d\000n\000e\000s\000s}{chapter.A}% 45
\BOOKMARK [2][-]{subsection.A.5.1}{\376\377\000I\000d\000e\000n\000t\000i\000f\000i\000c\000a\000t\000i\000o\000n\000\040\000o\000f\000\040\000t\000h\000e\000\040\000s\000l\000o\000p\000e}{section.A.5}% 46
\BOOKMARK [2][-]{subsection.A.5.2}{\376\377\000W\000h\000y\000\040\000i\000n\000v\000e\000r\000s\000i\000o\000n\000\040\000i\000s\000\040\000u\000n\000s\000t\000a\000b\000l\000e}{section.A.5}% 47
\BOOKMARK [1][-]{section.A.6}{\376\377\000R\000e\000g\000u\000l\000a\000r\000i\000s\000a\000t\000i\000o\000n\000\040\000p\000r\000i\000n\000c\000i\000p\000l\000e\000s\000\040\000i\000n\000\040\000f\000u\000n\000c\000t\000i\000o\000n\000a\000l\000\040\000r\000e\000g\000r\000e\000s\000s\000i\000o\000n}{chapter.A}% 48
\BOOKMARK [2][-]{subsection.A.6.1}{\376\377\000B\000a\000s\000i\000s\000\040\000p\000e\000n\000a\000l\000t\000i\000e\000s\000\040\000a\000n\000d\000\040\000T\000i\000k\000h\000o\000n\000o\000v\000\040\000r\000e\000g\000u\000l\000a\000r\000i\000s\000a\000t\000i\000o\000n}{section.A.6}% 49
\BOOKMARK [2][-]{subsection.A.6.2}{\376\377\000S\000p\000e\000c\000t\000r\000a\000l\000\040\000c\000u\000t\000-\000o\000f\000f\000\040\000a\000n\000d\000\040\000F\000P\000C\000R}{section.A.6}% 50
\BOOKMARK [2][-]{subsection.A.6.3}{\376\377\000R\000e\000s\000p\000o\000n\000s\000e\000-\000i\000n\000f\000o\000r\000m\000e\000d\000\040\000K\000r\000y\000l\000o\000v\000\040\000r\000e\000g\000u\000l\000a\000r\000i\000s\000a\000t\000i\000o\000n}{section.A.6}% 51
\BOOKMARK [2][-]{subsection.A.6.4}{\376\377\000T\000u\000n\000i\000n\000g\000\040\000a\000n\000d\000\040\000e\000a\000r\000l\000y\000\040\000s\000t\000o\000p\000p\000i\000n\000g}{section.A.6}% 52
\BOOKMARK [1][-]{section.A.7}{\376\377\000E\000s\000t\000i\000m\000a\000t\000i\000o\000n\000,\000\040\000p\000r\000e\000d\000i\000c\000t\000i\000o\000n\000,\000\040\000a\000n\000d\000\040\000i\000n\000f\000e\000r\000e\000n\000c\000e}{chapter.A}% 53
\BOOKMARK [1][-]{section.A.8}{\376\377\000D\000i\000s\000c\000r\000e\000t\000i\000s\000a\000t\000i\000o\000n\000\040\000a\000n\000d\000\040\000t\000h\000e\000\040\000p\000o\000p\000u\000l\000a\000t\000i\000o\000n\040\023\000c\000o\000m\000p\000u\000t\000a\000t\000i\000o\000n\000\040\000d\000i\000s\000t\000i\000n\000c\000t\000i\000o\000n}{chapter.A}% 54
\BOOKMARK [1][-]{section.A.9}{\376\377\000P\000o\000s\000i\000t\000i\000o\000n\000\040\000o\000f\000\040\000t\000h\000e\000\040\000t\000h\000e\000s\000i\000s\000\040\000i\000n\000\040\000t\000h\000e\000\040\000l\000i\000t\000e\000r\000a\000t\000u\000r\000e}{chapter.A}% 55
\BOOKMARK [0][-]{chapter.B}{\376\377\000D\000e\000f\000i\000n\000i\000t\000i\000o\000n\000s\000\040\000a\000n\000d\000\040\000S\000u\000p\000p\000o\000r\000t\000i\000n\000g\000\040\000P\000r\000o\000o\000f\000s}{}% 56
\BOOKMARK [1][-]{section.B.1}{\376\377\000D\000e\000f\000i\000n\000i\000t\000i\000o\000n\000s\000\040\000a\000n\000d\000\040\000n\000o\000t\000a\000t\000i\000o\000n}{chapter.B}% 57
\BOOKMARK [1][-]{section.B.2}{\376\377\000H\000i\000l\000b\000e\000r\000t\000-\000s\000p\000a\000c\000e\000\040\000g\000e\000o\000m\000e\000t\000r\000y}{chapter.B}% 58
\BOOKMARK [1][-]{section.B.3}{\376\377\000R\000a\000n\000d\000o\000m\000\040\000f\000u\000n\000c\000t\000i\000o\000n\000s\000\040\000a\000n\000d\000\040\000c\000o\000v\000a\000r\000i\000a\000n\000c\000e\000\040\000o\000p\000e\000r\000a\000t\000o\000r\000s}{chapter.B}% 59
\BOOKMARK [1][-]{section.B.4}{\376\377\000T\000h\000e\000\040\000f\000u\000n\000c\000t\000i\000o\000n\000a\000l\000\040\000n\000o\000r\000m\000a\000l\000\040\000e\000q\000u\000a\000t\000i\000o\000n\000\040\000a\000n\000d\000\040\000i\000n\000v\000e\000r\000s\000e\000\040\000p\000r\000o\000b\000l\000e\000m}{chapter.B}% 60
\BOOKMARK [1][-]{section.B.5}{\376\377\000R\000e\000g\000u\000l\000a\000r\000i\000s\000e\000d\000\040\000a\000n\000d\000\040\000K\000r\000y\000l\000o\000v\000\040\000s\000o\000l\000u\000t\000i\000o\000n\000s}{chapter.B}% 61
\BOOKMARK [1][-]{section.B.6}{\376\377\000L\000a\000t\000e\000\040\000s\000t\000o\000p\000p\000i\000n\000g\000\040\000a\000n\000d\000\040\000i\000n\000f\000e\000r\000e\000n\000c\000e}{chapter.B}% 62
\BOOKMARK [0][-]{chapter.C}{\376\377\000E\000x\000t\000e\000n\000d\000e\000d\000\040\000M\000e\000t\000h\000o\000d\000s\000\040\000a\000n\000d\000\040\000N\000u\000m\000e\000r\000i\000c\000a\000l\000\040\000I\000m\000p\000l\000e\000m\000e\000n\000t\000a\000t\000i\000o\000n}{}% 63
\BOOKMARK [1][-]{section.C.1}{\376\377\000T\000h\000e\000\040\000e\000m\000p\000i\000r\000i\000c\000a\000l\000\040\000o\000p\000e\000r\000a\000t\000o\000r\000\040\000p\000r\000o\000b\000l\000e\000m}{chapter.C}% 64
\BOOKMARK [1][-]{section.C.2}{\376\377\000F\000u\000n\000c\000t\000i\000o\000n\000a\000l\000\040\000p\000r\000i\000n\000c\000i\000p\000a\000l\000\040\000c\000o\000m\000p\000o\000n\000e\000n\000t\000\040\000r\000e\000g\000r\000e\000s\000s\000i\000o\000n}{chapter.C}% 65
\BOOKMARK [1][-]{section.C.3}{\376\377\000C\000l\000a\000s\000s\000i\000c\000a\000l\000\040\000f\000u\000n\000c\000t\000i\000o\000n\000a\000l\000\040\000P\000L\000S\000\040\000a\000n\000d\000\040\000t\000h\000e\000\040\000N\000I\000P\000A\000L\000S\000\040\000a\000l\000g\000o\000r\000i\000t\000h\000m}{chapter.C}% 66
\BOOKMARK [1][-]{section.C.4}{\376\377\000A\000P\000L\000S\000\040\000a\000n\000d\000\040\000t\000h\000e\000\040\000K\000r\000y\000l\000o\000v\000\040\000r\000e\000p\000r\000e\000s\000e\000n\000t\000a\000t\000i\000o\000n}{chapter.C}% 67
\BOOKMARK [1][-]{section.C.5}{\376\377\000R\000a\000w\000\040\000F\000P\000L\000S}{chapter.C}% 68
\BOOKMARK [1][-]{section.C.6}{\376\377\000A\000r\000n\000o\000l\000d\000i\000\040\000F\000P\000L\000S\000\040\000a\000n\000d\000\040\000r\000e\000o\000r\000t\000h\000o\000g\000o\000n\000a\000l\000i\000s\000a\000t\000i\000o\000n}{chapter.C}% 69
\BOOKMARK [1][-]{section.C.7}{\376\377\000C\000o\000n\000j\000u\000g\000a\000t\000e\000-\000G\000r\000a\000d\000i\000e\000n\000t\000\040\000F\000P\000L\000S}{chapter.C}% 70
\BOOKMARK [1][-]{section.C.8}{\376\377\000W\000h\000y\000\040\000c\000o\000n\000j\000u\000g\000a\000t\000e\000\040\000d\000i\000r\000e\000c\000t\000i\000o\000n\000s\000\040\000i\000m\000p\000r\000o\000v\000e\000\040\000o\000n\000\040\000s\000t\000e\000e\000p\000e\000s\000t\000\040\000d\000e\000s\000c\000e\000n\000t}{chapter.C}% 71
\BOOKMARK [1][-]{section.C.9}{\376\377\000E\000a\000r\000l\000y\000\040\000s\000t\000o\000p\000p\000i\000n\000g\000\040\000a\000s\000\040\000r\000e\000g\000u\000l\000a\000r\000i\000s\000a\000t\000i\000o\000n}{chapter.C}% 72
\BOOKMARK [1][-]{section.C.10}{\376\377\000E\000q\000u\000i\000v\000a\000l\000e\000n\000c\000e\000\040\000b\000o\000u\000n\000d\000a\000r\000i\000e\000s\000\040\000a\000n\000d\000\040\000t\000u\000n\000i\000n\000g\000\040\000d\000e\000s\000i\000g\000n}{chapter.C}% 73
\BOOKMARK [0][-]{chapter.D}{\376\377\000D\000e\000t\000a\000i\000l\000e\000d\000\040\000M\000o\000n\000t\000e\000\040\000C\000a\000r\000l\000o\000\040\000D\000e\000s\000i\000g\000n}{}% 74
\BOOKMARK [1][-]{section.D.1}{\376\377\000D\000i\000s\000c\000r\000e\000t\000i\000s\000e\000d\000\040\000f\000u\000n\000c\000t\000i\000o\000n\000a\000l\000\040\000d\000a\000t\000a\000-\000g\000e\000n\000e\000r\000a\000t\000i\000n\000g\000\040\000p\000r\000o\000c\000e\000s\000s}{chapter.D}% 75
\BOOKMARK [2][-]{subsection.D.1.1}{\376\377\000G\000r\000i\000d\000,\000\040\000b\000a\000s\000i\000s\000,\000\040\000a\000n\000d\000\040\000i\000n\000n\000e\000r\000\040\000p\000r\000o\000d\000u\000c\000t}{section.D.1}% 76
\BOOKMARK [2][-]{subsection.D.1.2}{\376\377\000P\000r\000e\000d\000i\000c\000t\000o\000r\000s\000\040\000a\000n\000d\000\040\000r\000e\000s\000p\000o\000n\000s\000e\000s}{section.D.1}% 77
\BOOKMARK [1][-]{section.D.2}{\376\377\000T\000h\000e\000\040\000t\000h\000r\000e\000e\000\040\000c\000o\000n\000t\000r\000o\000l\000l\000e\000d\000\040\000m\000o\000d\000e\000l\000s}{chapter.D}% 78
\BOOKMARK [1][-]{section.D.3}{\376\377\000S\000i\000g\000n\000a\000l\000\040\000s\000t\000r\000e\000n\000g\000t\000h\000\040\000a\000n\000d\000\040\000e\000f\000f\000e\000c\000t\000i\000v\000e\000\040\000d\000i\000r\000e\000c\000t\000i\000o\000n\000a\000l\000i\000t\000y}{chapter.D}% 79
\BOOKMARK [1][-]{section.D.4}{\376\377\000M\000o\000n\000t\000e\000\040\000C\000a\000r\000l\000o\000\040\000p\000r\000o\000t\000o\000c\000o\000l}{chapter.D}% 80
\BOOKMARK [1][-]{section.D.5}{\376\377\000E\000s\000t\000i\000m\000a\000t\000o\000r\000-\000s\000p\000e\000c\000i\000f\000i\000c\000\040\000t\000u\000n\000i\000n\000g}{chapter.D}% 81
\BOOKMARK [2][-]{subsection.D.5.1}{\376\377\000F\000i\000v\000e\000-\000f\000o\000l\000d\000\040\000t\000u\000n\000i\000n\000g\000\040\000o\000f\000\040\000r\000a\000w\000\040\000a\000n\000d\000\040\000A\000r\000n\000o\000l\000d\000i\000\040\000F\000P\000L\000S}{section.D.5}% 82
\BOOKMARK [2][-]{subsection.D.5.2}{\376\377\000R\000e\000s\000p\000o\000n\000s\000e\000-\000G\000C\000V\000\040\000t\000u\000n\000i\000n\000g\000\040\000o\000f\000\040\000F\000P\000C\000R}{section.D.5}% 83
\BOOKMARK [2][-]{subsection.D.5.3}{\376\377\000D\000i\000s\000c\000r\000e\000p\000a\000n\000c\000y\000\040\000t\000u\000n\000i\000n\000g\000\040\000o\000f\000\040\000C\000G\040\023\000F\000P\000L\000S}{section.D.5}% 84
\BOOKMARK [1][-]{section.D.6}{\376\377\000P\000e\000r\000f\000o\000r\000m\000a\000n\000c\000e\000\040\000m\000e\000a\000s\000u\000r\000e\000s\000\040\000a\000n\000d\000\040\000s\000u\000m\000m\000a\000r\000i\000e\000s}{chapter.D}% 85
\BOOKMARK [2][-]{subsection.D.6.1}{\376\377\000S\000l\000o\000p\000e\000\040\000e\000s\000t\000i\000m\000a\000t\000i\000o\000n\000\040\000a\000n\000d\000\040\000i\000n\000d\000e\000p\000e\000n\000d\000e\000n\000t\000\040\000p\000r\000e\000d\000i\000c\000t\000i\000o\000n}{section.D.6}% 86
\BOOKMARK [2][-]{subsection.D.6.2}{\376\377\000B\000i\000a\000s\040\023\000v\000a\000r\000i\000a\000n\000c\000e\000\040\000d\000e\000c\000o\000m\000p\000o\000s\000i\000t\000i\000o\000n}{section.D.6}% 87
\BOOKMARK [2][-]{subsection.D.6.3}{\376\377\000C\000o\000m\000p\000l\000e\000x\000i\000t\000y\000,\000\040\000i\000n\000s\000t\000a\000b\000i\000l\000i\000t\000y\000,\000\040\000a\000n\000d\000\040\000t\000a\000i\000l\000\040\000e\000v\000e\000n\000t\000s}{section.D.6}% 88
\BOOKMARK [1][-]{section.D.7}{\376\377\000R\000a\000n\000d\000o\000m\000n\000e\000s\000s\000\040\000a\000n\000d\000\040\000r\000e\000p\000r\000o\000d\000u\000c\000i\000b\000i\000l\000i\000t\000y}{chapter.D}% 89
\BOOKMARK [0][-]{chapter.E}{\376\377\000D\000e\000t\000a\000i\000l\000e\000d\000\040\000E\000s\000t\000i\000m\000a\000t\000i\000o\000n\000\040\000a\000n\000d\000\040\000P\000r\000e\000d\000i\000c\000t\000i\000o\000n\000\040\000R\000e\000s\000u\000l\000t\000s}{}% 90
\BOOKMARK [1][-]{section.E.1}{\376\377\000H\000o\000w\000\040\000t\000h\000e\000\040\000r\000e\000s\000u\000l\000t\000s\000\040\000a\000r\000e\000\040\000a\000s\000s\000e\000s\000s\000e\000d}{chapter.E}% 91
\BOOKMARK [1][-]{section.E.2}{\376\377\000O\000v\000e\000r\000a\000l\000l\000\040\000e\000s\000t\000i\000m\000a\000t\000i\000o\000n\000\040\000a\000n\000d\000\040\000p\000r\000e\000d\000i\000c\000t\000i\000o\000n\000\040\000a\000c\000c\000u\000r\000a\000c\000y}{chapter.E}% 92
\BOOKMARK [2][-]{subsection.E.2.1}{\376\377\000M\000o\000d\000e\000l\000\040\0001\000:\000\040\000p\000r\000e\000d\000i\000c\000t\000i\000v\000e\000\040\000s\000i\000g\000n\000a\000l\000\040\000c\000o\000n\000c\000e\000n\000t\000r\000a\000t\000e\000d\000\040\000i\000n\000\040\000t\000h\000e\000\040\000l\000e\000a\000d\000i\000n\000g\000\040\000d\000i\000r\000e\000c\000t\000i\000o\000n\000s}{section.E.2}% 93
\BOOKMARK [2][-]{subsection.E.2.2}{\376\377\000M\000o\000d\000e\000l\000\040\0002\000:\000\040\000a\000\040\000s\000l\000o\000p\000e\000\040\000s\000p\000r\000e\000a\000d\000\040\000a\000c\000r\000o\000s\000s\000\040\000m\000o\000r\000e\000\040\000d\000i\000r\000e\000c\000t\000i\000o\000n\000s}{section.E.2}% 94
\BOOKMARK [2][-]{subsection.E.2.3}{\376\377\000M\000o\000d\000e\000l\000\040\0003\000:\000\040\000s\000t\000r\000o\000n\000g\000e\000r\000\040\000l\000e\000a\000d\000i\000n\000g\000\040\000p\000r\000e\000d\000i\000c\000t\000o\000r\000\040\000d\000i\000r\000e\000c\000t\000i\000o\000n\000s}{section.E.2}% 95
\BOOKMARK [1][-]{section.E.3}{\376\377\000S\000e\000l\000e\000c\000t\000e\000d\000\040\000r\000e\000g\000u\000l\000a\000r\000i\000s\000a\000t\000i\000o\000n\000\040\000l\000e\000v\000e\000l\000s}{chapter.E}% 96
\BOOKMARK [1][-]{section.E.4}{\376\377\000U\000n\000u\000s\000u\000a\000l\000l\000y\000\040\000l\000a\000r\000g\000e\000\040\000e\000r\000r\000o\000r\000s\000\040\000a\000n\000d\000\040\000n\000u\000m\000e\000r\000i\000c\000a\000l\000\040\000s\000t\000a\000b\000i\000l\000i\000t\000y}{chapter.E}% 97
\BOOKMARK [1][-]{section.E.5}{\376\377\000U\000n\000d\000e\000r\000s\000t\000a\000n\000d\000i\000n\000g\000\040\000b\000i\000a\000s\000\040\000a\000n\000d\000\040\000v\000a\000r\000i\000a\000n\000c\000e}{chapter.E}% 98
\BOOKMARK [1][-]{section.E.6}{\376\377\000R\000a\000w\000\040\000a\000n\000d\000\040\000A\000r\000n\000o\000l\000d\000i\000\040\000F\000P\000L\000S\000\040\000w\000h\000e\000n\000\040\000t\000h\000e\000\040\000r\000a\000w\000\040\000f\000i\000t\000\040\000i\000s\000\040\000s\000t\000a\000b\000l\000e}{chapter.E}% 99
\BOOKMARK [1][-]{section.E.7}{\376\377\000D\000i\000s\000t\000r\000i\000b\000u\000t\000i\000o\000n\000\040\000o\000f\000\040\000t\000h\000e\000\040\000r\000e\000c\000o\000v\000e\000r\000e\000d\000\040\000s\000l\000o\000p\000e}{chapter.E}% 100
\BOOKMARK [0][-]{chapter.F}{\376\377\000S\000u\000p\000p\000l\000e\000m\000e\000n\000t\000a\000r\000y\000\040\000M\000o\000n\000t\000e\000\040\000C\000a\000r\000l\000o\000\040\000D\000i\000a\000g\000n\000o\000s\000t\000i\000c\000s}{}% 101
\BOOKMARK [1][-]{section.F.1}{\376\377\000L\000e\000a\000d\000i\000n\000g\000\040\000b\000a\000s\000i\000s\000\040\000c\000o\000e\000f\000f\000i\000c\000i\000e\000n\000t\000s}{chapter.F}% 102
\BOOKMARK [1][-]{section.F.2}{\376\377\000P\000o\000i\000n\000t\000w\000i\000s\000e\000\040\000s\000l\000o\000p\000e\000\040\000d\000i\000s\000t\000r\000i\000b\000u\000t\000i\000o\000n\000s}{chapter.F}% 103
\BOOKMARK [1][-]{section.F.3}{\376\377\000N\000o\000r\000m\000a\000l\000\040\000q\000u\000a\000n\000t\000i\000l\000e\040\023\000q\000u\000a\000n\000t\000i\000l\000e\000\040\000d\000i\000a\000g\000n\000o\000s\000t\000i\000c\000s}{chapter.F}% 104
\BOOKMARK [0][-]{chapter.G}{\376\377\000E\000x\000t\000e\000n\000d\000e\000d\000\040\000I\000n\000f\000e\000r\000e\000n\000c\000e\000\040\000M\000e\000t\000h\000o\000d\000o\000l\000o\000g\000y}{}% 105
\BOOKMARK [1][-]{section.G.1}{\376\377\000H\000y\000p\000o\000t\000h\000e\000s\000i\000s\000\040\000a\000n\000d\000\040\000t\000e\000s\000t\000\040\000s\000t\000a\000t\000i\000s\000t\000i\000c}{chapter.G}% 106
\BOOKMARK [1][-]{section.G.2}{\376\377\000W\000h\000y\000\040\000i\000n\000f\000e\000r\000e\000n\000c\000e\000\040\000r\000e\000q\000u\000i\000r\000e\000s\000\040\000l\000a\000t\000e\000r\000\040\000s\000t\000o\000p\000p\000i\000n\000g}{chapter.G}% 107
\BOOKMARK [1][-]{section.G.3}{\376\377\000T\000h\000e\000\040\000n\000u\000l\000l\000\040\000d\000i\000s\000t\000r\000i\000b\000u\000t\000i\000o\000n\000\040\000a\000n\000d\000\040\000c\000h\000o\000i\000c\000e\000\040\000o\000f\000\040\000c\000r\000i\000t\000i\000c\000a\000l\000\040\000v\000a\000l\000u\000e}{chapter.G}% 108
\BOOKMARK [1][-]{section.G.4}{\376\377\000A\000l\000t\000e\000r\000n\000a\000t\000i\000v\000e\000s\000\040\000a\000n\000d\000\040\000p\000o\000w\000e\000r}{chapter.G}% 109
\BOOKMARK [1][-]{section.G.5}{\376\377\000C\000o\000n\000f\000i\000d\000e\000n\000c\000e\000\040\000s\000e\000t\000s\000\040\000b\000y\000\040\000t\000e\000s\000t\000\040\000i\000n\000v\000e\000r\000s\000i\000o\000n}{chapter.G}% 110
\BOOKMARK [1][-]{section.G.6}{\376\377\000I\000m\000p\000l\000e\000m\000e\000n\000t\000a\000t\000i\000o\000n\000\040\000a\000n\000d\000\040\000d\000i\000a\000g\000n\000o\000s\000t\000i\000c\000\040\000d\000e\000s\000i\000g\000n}{chapter.G}% 111
\BOOKMARK [0][-]{chapter.H}{\376\377\000D\000e\000t\000a\000i\000l\000e\000d\000\040\000I\000n\000f\000e\000r\000e\000n\000c\000e\000\040\000R\000e\000s\000u\000l\000t\000s}{}% 112
\BOOKMARK [1][-]{section.H.1}{\376\377\000R\000e\000s\000u\000l\000t\000s\000\040\000a\000n\000d\000\040\000r\000e\000p\000o\000r\000t\000i\000n\000g\000\040\000c\000o\000n\000v\000e\000n\000t\000i\000o\000n\000s}{chapter.H}% 113
\BOOKMARK [1][-]{section.H.2}{\376\377\000H\000o\000w\000\040\000s\000t\000o\000p\000p\000i\000n\000g\000\040\000a\000f\000f\000e\000c\000t\000s\000\040\000t\000h\000e\000\040\000t\000e\000s\000t}{chapter.H}% 114
\BOOKMARK [1][-]{section.H.3}{\376\377\000T\000h\000e\000\040\000n\000u\000l\000l\000\040\000d\000i\000s\000t\000r\000i\000b\000u\000t\000i\000o\000n\000\040\000a\000n\000d\000\040\000r\000e\000j\000e\000c\000t\000i\000o\000n\000\040\000r\000a\000t\000e\000s}{chapter.H}% 115
\BOOKMARK [1][-]{section.H.4}{\376\377\000P\000o\000w\000e\000r\000\040\000a\000g\000a\000i\000n\000s\000t\000\040\000f\000i\000x\000e\000d\000\040\000p\000e\000r\000t\000u\000r\000b\000a\000t\000i\000o\000n\000s}{chapter.H}% 116
\BOOKMARK [1][-]{section.H.5}{\376\377\000C\000o\000n\000f\000i\000d\000e\000n\000c\000e\000\040\000s\000e\000t\000s\000\040\000i\000n\000\040\000f\000i\000v\000e\000\040\000d\000i\000m\000e\000n\000s\000i\000o\000n\000s}{chapter.H}% 117
\BOOKMARK [0][-]{chapter.I}{\376\377\000S\000u\000p\000p\000l\000e\000m\000e\000n\000t\000a\000r\000y\000\040\000I\000n\000f\000e\000r\000e\000n\000c\000e\000\040\000D\000i\000a\000g\000n\000o\000s\000t\000i\000c\000s}{}% 118
\BOOKMARK [1][-]{section.I.1}{\376\377\000O\000r\000a\000c\000l\000e\000-\000c\000a\000l\000i\000b\000r\000a\000t\000e\000d\000\040\000s\000i\000z\000e\000\040\000a\000t\000\040\000t\000h\000e\000\040\0005\000\045\000\040\000l\000e\000v\000e\000l}{chapter.I}% 119
\BOOKMARK [0][-]{chapter.J}{\376\377\000E\000x\000t\000e\000n\000d\000e\000d\000\040\000P\000h\000a\000r\000m\000a\000c\000e\000u\000t\000i\000c\000a\000l\000-\000T\000a\000b\000l\000e\000t\000\040\000A\000p\000p\000l\000i\000c\000a\000t\000i\000o\000n}{}% 120
\BOOKMARK [1][-]{section.J.1}{\376\377\000D\000a\000t\000a\000\040\000a\000n\000d\000\040\000p\000r\000e\000d\000i\000c\000t\000i\000o\000n\000\040\000p\000r\000o\000b\000l\000e\000m}{chapter.J}% 121
\BOOKMARK [1][-]{section.J.2}{\376\377\000E\000v\000a\000l\000u\000a\000t\000i\000o\000n\000\040\000p\000r\000o\000c\000e\000d\000u\000r\000e}{chapter.J}% 122
\BOOKMARK [1][-]{section.J.3}{\376\377\000B\000e\000n\000c\000h\000m\000a\000r\000k\000\040\000p\000r\000e\000d\000i\000c\000t\000i\000o\000n}{chapter.J}% 123
\BOOKMARK [1][-]{section.J.4}{\376\377\000S\000e\000l\000e\000c\000t\000i\000o\000n\000\040\000a\000n\000d\000\040\000n\000u\000m\000e\000r\000i\000c\000a\000l\000\040\000s\000t\000a\000b\000i\000l\000i\000t\000y}{chapter.J}% 124
\BOOKMARK [1][-]{section.J.5}{\376\377\000R\000o\000b\000u\000s\000t\000n\000e\000s\000s\000,\000\040\000i\000n\000t\000e\000r\000p\000r\000e\000t\000a\000t\000i\000o\000n\000,\000\040\000a\000n\000d\000\040\000s\000c\000o\000p\000e}{chapter.J}% 125
\BOOKMARK [0][-]{chapter.K}{\376\377\000S\000u\000p\000p\000l\000e\000m\000e\000n\000t\000a\000r\000y\000\040\000S\000p\000e\000c\000t\000r\000o\000s\000c\000o\000p\000y\000\040\000A\000n\000a\000l\000y\000s\000i\000s\000\040\000a\000n\000d\000\040\000D\000i\000a\000g\000n\000o\000s\000t\000i\000c\000s}{}% 126
\BOOKMARK [1][-]{section.K.1}{\376\377\000D\000a\000t\000a\000\040\000p\000r\000o\000v\000e\000n\000a\000n\000c\000e\000\040\000a\000n\000d\000\040\000s\000t\000r\000u\000c\000t\000u\000r\000a\000l\000\040\000a\000u\000d\000i\000t}{chapter.K}% 127
\BOOKMARK [1][-]{section.K.2}{\376\377\000F\000u\000n\000c\000t\000i\000o\000n\000a\000l\000\040\000r\000e\000p\000r\000e\000s\000e\000n\000t\000a\000t\000i\000o\000n\000\040\000a\000n\000d\000\040\000p\000r\000e\000p\000r\000o\000c\000e\000s\000s\000i\000n\000g}{chapter.K}% 128
\BOOKMARK [1][-]{section.K.3}{\376\377\000E\000v\000a\000l\000u\000a\000t\000i\000o\000n\000\040\000d\000e\000s\000i\000g\000n\000\040\000a\000n\000d\000\040\000l\000e\000a\000k\000a\000g\000e\000\040\000s\000a\000f\000e\000g\000u\000a\000r\000d\000s}{chapter.K}% 129
\BOOKMARK [1][-]{section.K.4}{\376\377\000C\000o\000m\000p\000l\000e\000t\000e\000\040\000p\000r\000o\000c\000e\000d\000u\000r\000e\000s\000\040\000a\000n\000d\000\040\000t\000u\000n\000i\000n\000g\000\040\000r\000u\000l\000e\000s}{chapter.K}% 130
\BOOKMARK [1][-]{section.K.5}{\376\377\000D\000e\000v\000e\000l\000o\000p\000m\000e\000n\000t\000\040\000e\000v\000i\000d\000e\000n\000c\000e}{chapter.K}% 131
\BOOKMARK [1][-]{section.K.6}{\376\377\000B\000e\000n\000c\000h\000m\000a\000r\000k\000\040\000u\000n\000c\000e\000r\000t\000a\000i\000n\000t\000y\000\040\000a\000n\000d\000\040\000r\000e\000s\000i\000d\000u\000a\000l\000s}{chapter.K}% 132
\BOOKMARK [1][-]{section.K.7}{\376\377\000F\000i\000n\000a\000l\000-\000f\000i\000t\000\040\000n\000u\000m\000e\000r\000i\000c\000a\000l\000\040\000d\000i\000a\000g\000n\000o\000s\000t\000i\000c\000s}{chapter.K}% 133
\BOOKMARK [1][-]{section.K.8}{\376\377\000P\000r\000e\000p\000r\000o\000c\000e\000s\000s\000i\000n\000g\000\040\000a\000n\000d\000\040\000i\000n\000s\000t\000r\000u\000m\000e\000n\000t\000\040\000s\000e\000n\000s\000i\000t\000i\000v\000i\000t\000i\000e\000s}{chapter.K}% 134
\BOOKMARK [0][-]{section*.74}{\376\377\000D\000e\000c\000l\000a\000r\000a\000t\000i\000o\000n}{}% 135
