This is pdfTeX, Version 3.141592653-2.6-1.40.26 (TeX Live 2024) (preloaded format=pdflatex 2025.2.13)  13 SEP 2026 21:22
entering extended mode
 restricted \write18 enabled.
 %&-line parsing enabled.
**main.tex
(./main.tex
LaTeX2e <2023-11-01> patch level 1
L3 programming layer <2024-02-20>
(/usr/local/texlive/2024/texmf-dist/tex/latex/base/report.cls
Document Class: report 2023/05/17 v1.4n Standard LaTeX document class
(/usr/local/texlive/2024/texmf-dist/tex/latex/base/size11.clo
File: size11.clo 2023/05/17 v1.4n Standard LaTeX file (size option)
)
\c@part=\count188
\c@chapter=\count189
\c@section=\count190
\c@subsection=\count191
\c@subsubsection=\count192
\c@paragraph=\count193
\c@subparagraph=\count194
\c@figure=\count195
\c@table=\count196
\abovecaptionskip=\skip48
\belowcaptionskip=\skip49
\bibindent=\dimen140
)
(./author_details.tex)
(/usr/local/texlive/2024/texmf-dist/tex/latex/base/fontenc.sty
Package: fontenc 2021/04/29 v2.0v Standard LaTeX package
)
(/usr/local/texlive/2024/texmf-dist/tex/latex/base/inputenc.sty
Package: inputenc 2021/02/14 v1.3d Input encoding file
\inpenc@prehook=\toks17
\inpenc@posthook=\toks18
)
(/usr/local/texlive/2024/texmf-dist/tex/generic/babel/babel.sty
Package: babel 2024/02/07 v24.2 The Babel package
\babel@savecnt=\count197
\U@D=\dimen141
\l@unhyphenated=\language89

(/usr/local/texlive/2024/texmf-dist/tex/generic/babel/txtbabel.def)
\bbl@readstream=\read2
\bbl@dirlevel=\count198

(/usr/local/texlive/2024/texmf-dist/tex/generic/babel-english/british.ldf
Language: british 2017/06/06 v3.3r English support from the babel system

(/usr/local/texlive/2024/texmf-dist/tex/generic/babel-english/english.ldf
Language: english 2017/06/06 v3.3r English support from the babel system
Package babel Info: Hyphen rules for 'canadian' set to \l@english
(babel)             (\language0). Reported on input line 102.
Package babel Info: Hyphen rules for 'australian' set to \l@ukenglish
(babel)             (\language23). Reported on input line 105.
Package babel Info: Hyphen rules for 'newzealand' set to \l@ukenglish
(babel)             (\language23). Reported on input line 108.
)))
(/usr/local/texlive/2024/texmf-dist/tex/generic/babel/locale/en/babel-british.t
ex
Package babel Info: Importing font and identification data for british
(babel)             from babel-en-GB.ini. Reported on input line 11.
) (/usr/local/texlive/2024/texmf-dist/tex/latex/microtype/microtype.sty
Package: microtype 2023/03/13 v3.1a Micro-typographical refinements (RS)

(/usr/local/texlive/2024/texmf-dist/tex/latex/graphics/keyval.sty
Package: keyval 2022/05/29 v1.15 key=value parser (DPC)
\KV@toks@=\toks19
)
(/usr/local/texlive/2024/texmf-dist/tex/latex/etoolbox/etoolbox.sty
Package: etoolbox 2020/10/05 v2.5k e-TeX tools for LaTeX (JAW)
\etb@tempcnta=\count199
)
\MT@toks=\toks20
\MT@tempbox=\box51
\MT@count=\count266
LaTeX Info: Redefining \noprotrusionifhmode on input line 1059.
LaTeX Info: Redefining \leftprotrusion on input line 1060.
\MT@prot@toks=\toks21
LaTeX Info: Redefining \rightprotrusion on input line 1078.
LaTeX Info: Redefining \textls on input line 1368.
\MT@outer@kern=\dimen142
LaTeX Info: Redefining \textmicrotypecontext on input line 1988.
\MT@listname@count=\count267

(/usr/local/texlive/2024/texmf-dist/tex/latex/microtype/microtype-pdftex.def
File: microtype-pdftex.def 2023/03/13 v3.1a Definitions specific to pdftex (RS)

LaTeX Info: Redefining \lsstyle on input line 902.
LaTeX Info: Redefining \lslig on input line 902.
\MT@outer@space=\skip50
)
Package microtype Info: Loading configuration file microtype.cfg.

(/usr/local/texlive/2024/texmf-dist/tex/latex/microtype/microtype.cfg
File: microtype.cfg 2023/03/13 v3.1a microtype main configuration file (RS)
))
(/usr/local/texlive/2024/texmf-dist/tex/latex/geometry/geometry.sty
Package: geometry 2020/01/02 v5.9 Page Geometry

(/usr/local/texlive/2024/texmf-dist/tex/generic/iftex/ifvtex.sty
Package: ifvtex 2019/10/25 v1.7 ifvtex legacy package. Use iftex instead.

(/usr/local/texlive/2024/texmf-dist/tex/generic/iftex/iftex.sty
Package: iftex 2022/02/03 v1.0f TeX engine tests
))
\Gm@cnth=\count268
\Gm@cntv=\count269
\c@Gm@tempcnt=\count270
\Gm@bindingoffset=\dimen143
\Gm@wd@mp=\dimen144
\Gm@odd@mp=\dimen145
\Gm@even@mp=\dimen146
\Gm@layoutwidth=\dimen147
\Gm@layoutheight=\dimen148
\Gm@layouthoffset=\dimen149
\Gm@layoutvoffset=\dimen150
\Gm@dimlist=\toks22
)
(/usr/local/texlive/2024/texmf-dist/tex/latex/setspace/setspace.sty
Package: setspace 2022/12/04 v6.7b set line spacing
)
(/usr/local/texlive/2024/texmf-dist/tex/latex/amsmath/amsmath.sty
Package: amsmath 2023/05/13 v2.17o AMS math features
\@mathmargin=\skip51

For additional information on amsmath, use the `?' option.
(/usr/local/texlive/2024/texmf-dist/tex/latex/amsmath/amstext.sty
Package: amstext 2021/08/26 v2.01 AMS text

(/usr/local/texlive/2024/texmf-dist/tex/latex/amsmath/amsgen.sty
File: amsgen.sty 1999/11/30 v2.0 generic functions
\@emptytoks=\toks23
\ex@=\dimen151
))
(/usr/local/texlive/2024/texmf-dist/tex/latex/amsmath/amsbsy.sty
Package: amsbsy 1999/11/29 v1.2d Bold Symbols
\pmbraise@=\dimen152
)
(/usr/local/texlive/2024/texmf-dist/tex/latex/amsmath/amsopn.sty
Package: amsopn 2022/04/08 v2.04 operator names
)
\inf@bad=\count271
LaTeX Info: Redefining \frac on input line 234.
\uproot@=\count272
\leftroot@=\count273
LaTeX Info: Redefining \overline on input line 399.
LaTeX Info: Redefining \colon on input line 410.
\classnum@=\count274
\DOTSCASE@=\count275
LaTeX Info: Redefining \ldots on input line 496.
LaTeX Info: Redefining \dots on input line 499.
LaTeX Info: Redefining \cdots on input line 620.
\Mathstrutbox@=\box52
\strutbox@=\box53
LaTeX Info: Redefining \big on input line 722.
LaTeX Info: Redefining \Big on input line 723.
LaTeX Info: Redefining \bigg on input line 724.
LaTeX Info: Redefining \Bigg on input line 725.
\big@size=\dimen153
LaTeX Font Info:    Redeclaring font encoding OML on input line 743.
LaTeX Font Info:    Redeclaring font encoding OMS on input line 744.
\macc@depth=\count276
LaTeX Info: Redefining \bmod on input line 905.
LaTeX Info: Redefining \pmod on input line 910.
LaTeX Info: Redefining \smash on input line 940.
LaTeX Info: Redefining \relbar on input line 970.
LaTeX Info: Redefining \Relbar on input line 971.
\c@MaxMatrixCols=\count277
\dotsspace@=\muskip16
\c@parentequation=\count278
\dspbrk@lvl=\count279
\tag@help=\toks24
\row@=\count280
\column@=\count281
\maxfields@=\count282
\andhelp@=\toks25
\eqnshift@=\dimen154
\alignsep@=\dimen155
\tagshift@=\dimen156
\tagwidth@=\dimen157
\totwidth@=\dimen158
\lineht@=\dimen159
\@envbody=\toks26
\multlinegap=\skip52
\multlinetaggap=\skip53
\mathdisplay@stack=\toks27
LaTeX Info: Redefining \[ on input line 2953.
LaTeX Info: Redefining \] on input line 2954.
)
(/usr/local/texlive/2024/texmf-dist/tex/latex/amsfonts/amssymb.sty
Package: amssymb 2013/01/14 v3.01 AMS font symbols

(/usr/local/texlive/2024/texmf-dist/tex/latex/amsfonts/amsfonts.sty
Package: amsfonts 2013/01/14 v3.01 Basic AMSFonts support
\symAMSa=\mathgroup4
\symAMSb=\mathgroup5
LaTeX Font Info:    Redeclaring math symbol \hbar on input line 98.
LaTeX Font Info:    Overwriting math alphabet `\mathfrak' in version `bold'
(Font)                  U/euf/m/n --> U/euf/b/n on input line 106.
))
(/usr/local/texlive/2024/texmf-dist/tex/latex/mathtools/mathtools.sty
Package: mathtools 2024/03/11 v1.30 mathematical typesetting tools

(/usr/local/texlive/2024/texmf-dist/tex/latex/tools/calc.sty
Package: calc 2023/07/08 v4.3 Infix arithmetic (KKT,FJ)
\calc@Acount=\count283
\calc@Bcount=\count284
\calc@Adimen=\dimen160
\calc@Bdimen=\dimen161
\calc@Askip=\skip54
\calc@Bskip=\skip55
LaTeX Info: Redefining \setlength on input line 80.
LaTeX Info: Redefining \addtolength on input line 81.
\calc@Ccount=\count285
\calc@Cskip=\skip56
)
(/usr/local/texlive/2024/texmf-dist/tex/latex/mathtools/mhsetup.sty
Package: mhsetup 2021/03/18 v1.4 programming setup (MH)
)
\g_MT_multlinerow_int=\count286
\l_MT_multwidth_dim=\dimen162
\origjot=\skip57
\l_MT_shortvdotswithinadjustabove_dim=\dimen163
\l_MT_shortvdotswithinadjustbelow_dim=\dimen164
\l_MT_above_intertext_sep=\dimen165
\l_MT_below_intertext_sep=\dimen166
\l_MT_above_shortintertext_sep=\dimen167
\l_MT_below_shortintertext_sep=\dimen168
\xmathstrut@box=\box54
\xmathstrut@dim=\dimen169
)
(/usr/local/texlive/2024/texmf-dist/tex/latex/amscls/amsthm.sty
Package: amsthm 2020/05/29 v2.20.6
\thm@style=\toks28
\thm@bodyfont=\toks29
\thm@headfont=\toks30
\thm@notefont=\toks31
\thm@headpunct=\toks32
\thm@preskip=\skip58
\thm@postskip=\skip59
\thm@headsep=\skip60
\dth@everypar=\toks33
)
(/usr/local/texlive/2024/texmf-dist/tex/latex/booktabs/booktabs.sty
Package: booktabs 2020/01/12 v1.61803398 Publication quality tables
\heavyrulewidth=\dimen170
\lightrulewidth=\dimen171
\cmidrulewidth=\dimen172
\belowrulesep=\dimen173
\belowbottomsep=\dimen174
\aboverulesep=\dimen175
\abovetopsep=\dimen176
\cmidrulesep=\dimen177
\cmidrulekern=\dimen178
\defaultaddspace=\dimen179
\@cmidla=\count287
\@cmidlb=\count288
\@aboverulesep=\dimen180
\@belowrulesep=\dimen181
\@thisruleclass=\count289
\@lastruleclass=\count290
\@thisrulewidth=\dimen182
)
(/usr/local/texlive/2024/texmf-dist/tex/latex/tools/array.sty
Package: array 2023/10/16 v2.5g Tabular extension package (FMi)
\col@sep=\dimen183
\ar@mcellbox=\box55
\extrarowheight=\dimen184
\NC@list=\toks34
\extratabsurround=\skip61
\backup@length=\skip62
\ar@cellbox=\box56
)
(/usr/local/texlive/2024/texmf-dist/tex/latex/graphics/graphicx.sty
Package: graphicx 2021/09/16 v1.2d Enhanced LaTeX Graphics (DPC,SPQR)

(/usr/local/texlive/2024/texmf-dist/tex/latex/graphics/graphics.sty
Package: graphics 2022/03/10 v1.4e Standard LaTeX Graphics (DPC,SPQR)

(/usr/local/texlive/2024/texmf-dist/tex/latex/graphics/trig.sty
Package: trig 2021/08/11 v1.11 sin cos tan (DPC)
)
(/usr/local/texlive/2024/texmf-dist/tex/latex/graphics-cfg/graphics.cfg
File: graphics.cfg 2016/06/04 v1.11 sample graphics configuration
)
Package graphics Info: Driver file: pdftex.def on input line 107.

(/usr/local/texlive/2024/texmf-dist/tex/latex/graphics-def/pdftex.def
File: pdftex.def 2022/09/22 v1.2b Graphics/color driver for pdftex
))
\Gin@req@height=\dimen185
\Gin@req@width=\dimen186
)
(/usr/local/texlive/2024/texmf-dist/tex/latex/float/float.sty
Package: float 2001/11/08 v1.3d Float enhancements (AL)
\c@float@type=\count291
\float@exts=\toks35
\float@box=\box57
\@float@everytoks=\toks36
\@floatcapt=\box58
)
(/usr/local/texlive/2024/texmf-dist/tex/latex/caption/caption.sty
Package: caption 2023/08/05 v3.6o Customizing captions (AR)

(/usr/local/texlive/2024/texmf-dist/tex/latex/caption/caption3.sty
Package: caption3 2023/07/31 v2.4d caption3 kernel (AR)
\caption@tempdima=\dimen187
\captionmargin=\dimen188
\caption@leftmargin=\dimen189
\caption@rightmargin=\dimen190
\caption@width=\dimen191
\caption@indent=\dimen192
\caption@parindent=\dimen193
\caption@hangindent=\dimen194
Package caption Info: Standard document class detected.
)
\c@caption@flags=\count292
\c@continuedfloat=\count293
Package caption Info: float package is loaded.
)
(/usr/local/texlive/2024/texmf-dist/tex/latex/caption/subcaption.sty
Package: subcaption 2023/07/28 v1.6b Sub-captions (AR)
Package caption Info: New subtype `subfigure' on input line 238.
\c@subfigure=\count294
Package caption Info: New subtype `subtable' on input line 238.
\c@subtable=\count295
)
(/usr/local/texlive/2024/texmf-dist/tex/latex/csquotes/csquotes.sty
Package: csquotes 2022-09-14 v5.2n context-sensitive quotations (JAW)
\csq@reset=\count296
\csq@gtype=\count297
\csq@glevel=\count298
\csq@qlevel=\count299
\csq@maxlvl=\count300
\csq@tshold=\count301
\csq@ltx@everypar=\toks37

(/usr/local/texlive/2024/texmf-dist/tex/latex/csquotes/csquotes.def
File: csquotes.def 2022-09-14 v5.2n csquotes generic definitions (JAW)
)
Package csquotes Info: Trying to load configuration file 'csquotes.cfg'...
Package csquotes Info: ... configuration file loaded successfully.

(/usr/local/texlive/2024/texmf-dist/tex/latex/csquotes/csquotes.cfg
File: csquotes.cfg 
))
(/usr/local/texlive/2024/texmf-dist/tex/latex/xcolor/xcolor.sty
Package: xcolor 2023/11/15 v3.01 LaTeX color extensions (UK)

(/usr/local/texlive/2024/texmf-dist/tex/latex/graphics-cfg/color.cfg
File: color.cfg 2016/01/02 v1.6 sample color configuration
)
Package xcolor Info: Driver file: pdftex.def on input line 274.

(/usr/local/texlive/2024/texmf-dist/tex/latex/graphics/mathcolor.ltx)
Package xcolor Info: Model `cmy' substituted by `cmy0' on input line 1350.
Package xcolor Info: Model `hsb' substituted by `rgb' on input line 1354.
Package xcolor Info: Model `RGB' extended on input line 1366.
Package xcolor Info: Model `HTML' substituted by `rgb' on input line 1368.
Package xcolor Info: Model `Hsb' substituted by `hsb' on input line 1369.
Package xcolor Info: Model `tHsb' substituted by `hsb' on input line 1370.
Package xcolor Info: Model `HSB' substituted by `hsb' on input line 1371.
Package xcolor Info: Model `Gray' substituted by `gray' on input line 1372.
Package xcolor Info: Model `wave' substituted by `hsb' on input line 1373.
)
(/usr/local/texlive/2024/texmf-dist/tex/latex/biblatex/biblatex.sty
Package: biblatex 2023/03/05 v3.19 programmable bibliographies (PK/MW)

(/usr/local/texlive/2024/texmf-dist/tex/generic/pdftexcmds/pdftexcmds.sty
Package: pdftexcmds 2020-06-27 v0.33 Utility functions of pdfTeX for LuaTeX (HO
)

(/usr/local/texlive/2024/texmf-dist/tex/generic/infwarerr/infwarerr.sty
Package: infwarerr 2019/12/03 v1.5 Providing info/warning/error messages (HO)
)
(/usr/local/texlive/2024/texmf-dist/tex/generic/ltxcmds/ltxcmds.sty
Package: ltxcmds 2023-12-04 v1.26 LaTeX kernel commands for general use (HO)
)
Package pdftexcmds Info: \pdf@primitive is available.
Package pdftexcmds Info: \pdf@ifprimitive is available.
Package pdftexcmds Info: \pdfdraftmode found.
)
(/usr/local/texlive/2024/texmf-dist/tex/latex/kvoptions/kvoptions.sty
Package: kvoptions 2022-06-15 v3.15 Key value format for package options (HO)

(/usr/local/texlive/2024/texmf-dist/tex/latex/kvsetkeys/kvsetkeys.sty
Package: kvsetkeys 2022-10-05 v1.19 Key value parser (HO)
))
(/usr/local/texlive/2024/texmf-dist/tex/latex/logreq/logreq.sty
Package: logreq 2010/08/04 v1.0 xml request logger
\lrq@indent=\count302

(/usr/local/texlive/2024/texmf-dist/tex/latex/logreq/logreq.def
File: logreq.def 2010/08/04 v1.0 logreq spec v1.0
))
(/usr/local/texlive/2024/texmf-dist/tex/latex/base/ifthen.sty
Package: ifthen 2022/04/13 v1.1d Standard LaTeX ifthen package (DPC)
)
(/usr/local/texlive/2024/texmf-dist/tex/latex/url/url.sty
\Urlmuskip=\muskip17
Package: url 2013/09/16  ver 3.4  Verb mode for urls, etc.
)
\c@tabx@nest=\count303
\c@listtotal=\count304
\c@listcount=\count305
\c@liststart=\count306
\c@liststop=\count307
\c@citecount=\count308
\c@citetotal=\count309
\c@multicitecount=\count310
\c@multicitetotal=\count311
\c@instcount=\count312
\c@maxnames=\count313
\c@minnames=\count314
\c@maxitems=\count315
\c@minitems=\count316
\c@citecounter=\count317
\c@maxcitecounter=\count318
\c@savedcitecounter=\count319
\c@uniquelist=\count320
\c@uniquename=\count321
\c@refsection=\count322
\c@refsegment=\count323
\c@maxextratitle=\count324
\c@maxextratitleyear=\count325
\c@maxextraname=\count326
\c@maxextradate=\count327
\c@maxextraalpha=\count328
\c@abbrvpenalty=\count329
\c@highnamepenalty=\count330
\c@lownamepenalty=\count331
\c@maxparens=\count332
\c@parenlevel=\count333
\blx@tempcnta=\count334
\blx@tempcntb=\count335
\blx@tempcntc=\count336
\c@blx@maxsection=\count337
\blx@maxsegment@0=\count338
\blx@notetype=\count339
\blx@parenlevel@text=\count340
\blx@parenlevel@foot=\count341
\blx@sectionciteorder@0=\count342
\blx@sectionciteorderinternal@0=\count343
\blx@entrysetcounter=\count344
\blx@biblioinstance=\count345
\labelnumberwidth=\skip63
\labelalphawidth=\skip64
\biblabelsep=\skip65
\bibitemsep=\skip66
\bibnamesep=\skip67
\bibinitsep=\skip68
\bibparsep=\skip69
\bibhang=\skip70
\blx@bcfin=\read3
\blx@bcfout=\write3
\blx@langwohyphens=\language90
\c@mincomprange=\count346
\c@maxcomprange=\count347
\c@mincompwidth=\count348
Package biblatex Info: Trying to load biblatex default data model...
Package biblatex Info: ... file 'blx-dm.def' found.

(/usr/local/texlive/2024/texmf-dist/tex/latex/biblatex/blx-dm.def
File: blx-dm.def 2023/03/05 v3.19 biblatex localization (PK/MW)
)
Package biblatex Info: Trying to load biblatex style data model...
Package biblatex Info: ... file 'authoryear.dbx' not found.
Package biblatex Info: Trying to load biblatex custom data model...
Package biblatex Info: ... file 'biblatex-dm.cfg' not found.
\c@afterword=\count349
\c@savedafterword=\count350
\c@annotator=\count351
\c@savedannotator=\count352
\c@author=\count353
\c@savedauthor=\count354
\c@bookauthor=\count355
\c@savedbookauthor=\count356
\c@commentator=\count357
\c@savedcommentator=\count358
\c@editor=\count359
\c@savededitor=\count360
\c@editora=\count361
\c@savededitora=\count362
\c@editorb=\count363
\c@savededitorb=\count364
\c@editorc=\count365
\c@savededitorc=\count366
\c@foreword=\count367
\c@savedforeword=\count368
\c@holder=\count369
\c@savedholder=\count370
\c@introduction=\count371
\c@savedintroduction=\count372
\c@namea=\count373
\c@savednamea=\count374
\c@nameb=\count375
\c@savednameb=\count376
\c@namec=\count377
\c@savednamec=\count378
\c@translator=\count379
\c@savedtranslator=\count380
\c@shortauthor=\count381
\c@savedshortauthor=\count382
\c@shorteditor=\count383
\c@savedshorteditor=\count384
\c@labelname=\count385
\c@savedlabelname=\count386
\c@institution=\count387
\c@savedinstitution=\count388
\c@lista=\count389
\c@savedlista=\count390
\c@listb=\count391
\c@savedlistb=\count392
\c@listc=\count393
\c@savedlistc=\count394
\c@listd=\count395
\c@savedlistd=\count396
\c@liste=\count397
\c@savedliste=\count398
\c@listf=\count399
\c@savedlistf=\count400
\c@location=\count401
\c@savedlocation=\count402
\c@organization=\count403
\c@savedorganization=\count404
\c@origlocation=\count405
\c@savedoriglocation=\count406
\c@origpublisher=\count407
\c@savedorigpublisher=\count408
\c@publisher=\count409
\c@savedpublisher=\count410
\c@language=\count411
\c@savedlanguage=\count412
\c@origlanguage=\count413
\c@savedoriglanguage=\count414
\c@pageref=\count415
\c@savedpageref=\count416
\shorthandwidth=\skip71
\shortjournalwidth=\skip72
\shortserieswidth=\skip73
\shorttitlewidth=\skip74
\shortauthorwidth=\skip75
\shorteditorwidth=\skip76
\locallabelnumberwidth=\skip77
\locallabelalphawidth=\skip78
\localshorthandwidth=\skip79
\localshortjournalwidth=\skip80
\localshortserieswidth=\skip81
\localshorttitlewidth=\skip82
\localshortauthorwidth=\skip83
\localshorteditorwidth=\skip84
Package biblatex Info: Trying to load compatibility code...
Package biblatex Info: ... file 'blx-compat.def' found.

(/usr/local/texlive/2024/texmf-dist/tex/latex/biblatex/blx-compat.def
File: blx-compat.def 2023/03/05 v3.19 biblatex compatibility (PK/MW)
)
Package biblatex Info: Trying to load generic definitions...
Package biblatex Info: ... file 'biblatex.def' found.

(/usr/local/texlive/2024/texmf-dist/tex/latex/biblatex/biblatex.def
File: biblatex.def 2023/03/05 v3.19 biblatex compatibility (PK/MW)
\c@textcitecount=\count417
\c@textcitetotal=\count418
\c@textcitemaxnames=\count419
\c@biburlbigbreakpenalty=\count420
\c@biburlbreakpenalty=\count421
\c@biburlnumpenalty=\count422
\c@biburlucpenalty=\count423
\c@biburllcpenalty=\count424
\biburlbigskip=\muskip18
\biburlnumskip=\muskip19
\biburlucskip=\muskip20
\biburllcskip=\muskip21
\c@smartand=\count425
)
Package biblatex Info: Trying to load bibliography style 'authoryear'...
Package biblatex Info: ... file 'authoryear.bbx' found.

(/usr/local/texlive/2024/texmf-dist/tex/latex/biblatex/bbx/authoryear.bbx
File: authoryear.bbx 2023/03/05 v3.19 biblatex bibliography style (PK/MW)
Package biblatex Info: Trying to load bibliography style 'standard'...
Package biblatex Info: ... file 'standard.bbx' found.

(/usr/local/texlive/2024/texmf-dist/tex/latex/biblatex/bbx/standard.bbx
File: standard.bbx 2023/03/05 v3.19 biblatex bibliography style (PK/MW)
\c@bbx:relatedcount=\count426
\c@bbx:relatedtotal=\count427
))
Package biblatex Info: Trying to load citation style 'authoryear'...
Package biblatex Info: ... file 'authoryear.cbx' found.

(/usr/local/texlive/2024/texmf-dist/tex/latex/biblatex/cbx/authoryear.cbx
File: authoryear.cbx 2023/03/05 v3.19 biblatex citation style (PK/MW)
Package biblatex Info: Redefining '\cite'.
Package biblatex Info: Redefining '\parencite'.
Package biblatex Info: Redefining '\footcite'.
Package biblatex Info: Redefining '\footcitetext'.
Package biblatex Info: Redefining '\smartcite'.
Package biblatex Info: Redefining '\textcite'.
Package biblatex Info: Redefining '\textcites'.
)
Package biblatex Info: Trying to load configuration file...
Package biblatex Info: ... file 'biblatex.cfg' found.

(/usr/local/texlive/2024/texmf-dist/tex/latex/biblatex/biblatex.cfg
File: biblatex.cfg 
)
Package biblatex Info: Input encoding 'utf8' detected.
Package biblatex Info: Document encoding is UTF8 ....

(/usr/local/texlive/2024/texmf-dist/tex/latex/l3kernel/expl3.sty
Package: expl3 2024-02-20 L3 programming layer (loader) 

(/usr/local/texlive/2024/texmf-dist/tex/latex/l3backend/l3backend-pdftex.def
File: l3backend-pdftex.def 2024-02-20 L3 backend support: PDF output (pdfTeX)
\l__color_backend_stack_int=\count428
\l__pdf_internal_box=\box59
))
Package biblatex Info: ... and expl3
(biblatex)             2024-02-20 L3 programming layer (loader) 
(biblatex)             is new enough (at least 2020/04/06),
(biblatex)             setting 'casechanger=expl3'.

(/usr/local/texlive/2024/texmf-dist/tex/latex/biblatex/blx-case-expl3.sty
(/usr/local/texlive/2024/texmf-dist/tex/latex/l3packages/xparse/xparse.sty
Package: xparse 2024-02-18 L3 Experimental document command parser
)
Package: blx-case-expl3 2023/03/05 v3.19 expl3 case changing code for biblatex
))
(/usr/local/texlive/2024/texmf-dist/tex/latex/hyperref/hyperref.sty
Package: hyperref 2024-01-20 v7.01h Hypertext links for LaTeX

(/usr/local/texlive/2024/texmf-dist/tex/generic/kvdefinekeys/kvdefinekeys.sty
Package: kvdefinekeys 2019-12-19 v1.6 Define keys (HO)
)
(/usr/local/texlive/2024/texmf-dist/tex/generic/pdfescape/pdfescape.sty
Package: pdfescape 2019/12/09 v1.15 Implements pdfTeX's escape features (HO)
)
(/usr/local/texlive/2024/texmf-dist/tex/latex/hycolor/hycolor.sty
Package: hycolor 2020-01-27 v1.10 Color options for hyperref/bookmark (HO)
)
(/usr/local/texlive/2024/texmf-dist/tex/latex/auxhook/auxhook.sty
Package: auxhook 2019-12-17 v1.6 Hooks for auxiliary files (HO)
)
(/usr/local/texlive/2024/texmf-dist/tex/latex/hyperref/nameref.sty
Package: nameref 2023-11-26 v2.56 Cross-referencing by name of section

(/usr/local/texlive/2024/texmf-dist/tex/latex/refcount/refcount.sty
Package: refcount 2019/12/15 v3.6 Data extraction from label references (HO)
)
(/usr/local/texlive/2024/texmf-dist/tex/generic/gettitlestring/gettitlestring.s
ty
Package: gettitlestring 2019/12/15 v1.6 Cleanup title references (HO)
)
\c@section@level=\count429
)
\@linkdim=\dimen195
\Hy@linkcounter=\count430
\Hy@pagecounter=\count431
 (/usr/local/texlive/2024/texmf-dist/tex/latex/hyperref/pd1enc.def
File: pd1enc.def 2024-01-20 v7.01h Hyperref: PDFDocEncoding definition (HO)
Now handling font encoding PD1 ...
... no UTF-8 mapping file for font encoding PD1
)
(/usr/local/texlive/2024/texmf-dist/tex/generic/intcalc/intcalc.sty
Package: intcalc 2019/12/15 v1.3 Expandable calculations with integers (HO)
)
\Hy@SavedSpaceFactor=\count432

(/usr/local/texlive/2024/texmf-dist/tex/latex/hyperref/puenc.def
File: puenc.def 2024-01-20 v7.01h Hyperref: PDF Unicode definition (HO)
Now handling font encoding PU ...
... no UTF-8 mapping file for font encoding PU
)
Package hyperref Info: Hyper figures OFF on input line 4179.
Package hyperref Info: Link nesting OFF on input line 4184.
Package hyperref Info: Hyper index ON on input line 4187.
Package hyperref Info: Plain pages OFF on input line 4194.
Package hyperref Info: Backreferencing OFF on input line 4199.
Package hyperref Info: Implicit mode ON; LaTeX internals redefined.
Package hyperref Info: Bookmarks ON on input line 4446.
\c@Hy@tempcnt=\count433
LaTeX Info: Redefining \url on input line 4784.
\XeTeXLinkMargin=\dimen196

(/usr/local/texlive/2024/texmf-dist/tex/generic/bitset/bitset.sty
Package: bitset 2019/12/09 v1.3 Handle bit-vector datatype (HO)

(/usr/local/texlive/2024/texmf-dist/tex/generic/bigintcalc/bigintcalc.sty
Package: bigintcalc 2019/12/15 v1.5 Expandable calculations on big integers (HO
)
))
\Fld@menulength=\count434
\Field@Width=\dimen197
\Fld@charsize=\dimen198
Package hyperref Info: Hyper figures OFF on input line 6063.
Package hyperref Info: Link nesting OFF on input line 6068.
Package hyperref Info: Hyper index ON on input line 6071.
Package hyperref Info: backreferencing OFF on input line 6078.
Package hyperref Info: Link coloring OFF on input line 6083.
Package hyperref Info: Link coloring with OCG OFF on input line 6088.
Package hyperref Info: PDF/A mode OFF on input line 6093.

(/usr/local/texlive/2024/texmf-dist/tex/latex/base/atbegshi-ltx.sty
Package: atbegshi-ltx 2021/01/10 v1.0c Emulation of the original atbegshi
package with kernel methods
)
\Hy@abspage=\count435
\c@Item=\count436
\c@Hfootnote=\count437
)
Package hyperref Info: Driver (autodetected): hpdftex.

(/usr/local/texlive/2024/texmf-dist/tex/latex/hyperref/hpdftex.def
File: hpdftex.def 2024-01-20 v7.01h Hyperref driver for pdfTeX

(/usr/local/texlive/2024/texmf-dist/tex/latex/base/atveryend-ltx.sty
Package: atveryend-ltx 2020/08/19 v1.0a Emulation of the original atveryend pac
kage
with kernel methods
)
\Fld@listcount=\count438
\c@bookmark@seq@number=\count439

(/usr/local/texlive/2024/texmf-dist/tex/latex/rerunfilecheck/rerunfilecheck.sty
Package: rerunfilecheck 2022-07-10 v1.10 Rerun checks for auxiliary files (HO)

(/usr/local/texlive/2024/texmf-dist/tex/generic/uniquecounter/uniquecounter.sty
Package: uniquecounter 2019/12/15 v1.4 Provide unlimited unique counter (HO)
)
Package uniquecounter Info: New unique counter `rerunfilecheck' on input line 2
85.
)
\Hy@SectionHShift=\skip85
) (./bonn_layout.tex
(/usr/local/texlive/2024/texmf-dist/tex/latex/psnfss/mathptmx.sty
Package: mathptmx 2020/03/25 PSNFSS-v9.3 Times w/ Math, improved (SPQR, WaS) 
LaTeX Font Info:    Redeclaring symbol font `operators' on input line 28.
LaTeX Font Info:    Overwriting symbol font `operators' in version `normal'
(Font)                  OT1/cmr/m/n --> OT1/ztmcm/m/n on input line 28.
LaTeX Font Info:    Overwriting symbol font `operators' in version `bold'
(Font)                  OT1/cmr/bx/n --> OT1/ztmcm/m/n on input line 28.
LaTeX Font Info:    Redeclaring symbol font `letters' on input line 29.
LaTeX Font Info:    Overwriting symbol font `letters' in version `normal'
(Font)                  OML/cmm/m/it --> OML/ztmcm/m/it on input line 29.
LaTeX Font Info:    Overwriting symbol font `letters' in version `bold'
(Font)                  OML/cmm/b/it --> OML/ztmcm/m/it on input line 29.
LaTeX Font Info:    Redeclaring symbol font `symbols' on input line 30.
LaTeX Font Info:    Overwriting symbol font `symbols' in version `normal'
(Font)                  OMS/cmsy/m/n --> OMS/ztmcm/m/n on input line 30.
LaTeX Font Info:    Overwriting symbol font `symbols' in version `bold'
(Font)                  OMS/cmsy/b/n --> OMS/ztmcm/m/n on input line 30.
LaTeX Font Info:    Redeclaring symbol font `largesymbols' on input line 31.
LaTeX Font Info:    Overwriting symbol font `largesymbols' in version `normal'
(Font)                  OMX/cmex/m/n --> OMX/ztmcm/m/n on input line 31.
LaTeX Font Info:    Overwriting symbol font `largesymbols' in version `bold'
(Font)                  OMX/cmex/m/n --> OMX/ztmcm/m/n on input line 31.
\symbold=\mathgroup6
\symitalic=\mathgroup7
LaTeX Font Info:    Redeclaring math alphabet \mathbf on input line 34.
LaTeX Font Info:    Overwriting math alphabet `\mathbf' in version `normal'
(Font)                  OT1/cmr/bx/n --> OT1/ptm/bx/n on input line 34.
LaTeX Font Info:    Overwriting math alphabet `\mathbf' in version `bold'
(Font)                  OT1/cmr/bx/n --> OT1/ptm/bx/n on input line 34.
LaTeX Font Info:    Redeclaring math alphabet \mathit on input line 35.
LaTeX Font Info:    Overwriting math alphabet `\mathit' in version `normal'
(Font)                  OT1/cmr/m/it --> OT1/ptm/m/it on input line 35.
LaTeX Font Info:    Overwriting math alphabet `\mathit' in version `bold'
(Font)                  OT1/cmr/bx/it --> OT1/ptm/m/it on input line 35.
LaTeX Info: Redefining \hbar on input line 50.
)
(/usr/local/texlive/2024/texmf-dist/tex/latex/psnfss/courier.sty
Package: courier 2020/03/25 PSNFSS-v9.3 (WaS) 
)
(/usr/local/texlive/2024/texmf-dist/tex/latex/titlesec/titlesec.sty
Package: titlesec 2023/10/27 v2.16 Sectioning titles
\ttl@box=\box60
\beforetitleunit=\skip86
\aftertitleunit=\skip87
\ttl@plus=\dimen199
\ttl@minus=\dimen256
\ttl@toksa=\toks38
\titlewidth=\dimen257
\titlewidthlast=\dimen258
\titlewidthfirst=\dimen259
))
\c@definition=\count440
Package csquotes Info: Checking for multilingual support...
Package csquotes Info: ... found 'babel' package.
Package csquotes Info: Adjusting default style.
Package csquotes Info: Redefining alias 'default' -> 'british'.
LaTeX Font Info:    Trying to load font information for T1+ptm on input line 86
.

(/usr/local/texlive/2024/texmf-dist/tex/latex/psnfss/t1ptm.fd
File: t1ptm.fd 2001/06/04 font definitions for T1/ptm.
) (./main.aux)
\openout1 = `main.aux'.

LaTeX Font Info:    Checking defaults for OML/cmm/m/it on input line 86.
LaTeX Font Info:    ... okay on input line 86.
LaTeX Font Info:    Checking defaults for OMS/cmsy/m/n on input line 86.
LaTeX Font Info:    ... okay on input line 86.
LaTeX Font Info:    Checking defaults for OT1/cmr/m/n on input line 86.
LaTeX Font Info:    ... okay on input line 86.
LaTeX Font Info:    Checking defaults for T1/cmr/m/n on input line 86.
LaTeX Font Info:    ... okay on input line 86.
LaTeX Font Info:    Checking defaults for TS1/cmr/m/n on input line 86.
LaTeX Font Info:    ... okay on input line 86.
LaTeX Font Info:    Checking defaults for OMX/cmex/m/n on input line 86.
LaTeX Font Info:    ... okay on input line 86.
LaTeX Font Info:    Checking defaults for U/cmr/m/n on input line 86.
LaTeX Font Info:    ... okay on input line 86.
LaTeX Font Info:    Checking defaults for PD1/pdf/m/n on input line 86.
LaTeX Font Info:    ... okay on input line 86.
LaTeX Font Info:    Checking defaults for PU/pdf/m/n on input line 86.
LaTeX Font Info:    ... okay on input line 86.
LaTeX Info: Redefining \microtypecontext on input line 86.
Package microtype Info: Applying patch `item' on input line 86.
Package microtype Info: Applying patch `toc' on input line 86.
Package microtype Info: Applying patch `eqnum' on input line 86.
Package microtype Info: Applying patch `footnote' on input line 86.
Package microtype Info: Applying patch `verbatim' on input line 86.
Package microtype Info: Generating PDF output.
Package microtype Info: Character protrusion enabled (level 1).
Package microtype Info: Using default protrusion set `alltext'.
Package microtype Info: No font expansion.
Package microtype Info: No adjustment of tracking.
Package microtype Info: No adjustment of interword spacing.
Package microtype Info: No adjustment of character kerning.

(/usr/local/texlive/2024/texmf-dist/tex/latex/microtype/mt-ptm.cfg
File: mt-ptm.cfg 2006/04/20 v1.7 microtype config. file: Times (RS)
)
*geometry* driver: auto-detecting
*geometry* detected driver: pdftex
*geometry* verbose mode - [ preamble ] result:
* driver: pdftex
* paper: a4paper
* layout: <same size as paper>
* layoutoffset:(h,v)=(0.0pt,0.0pt)
* modes: 
* h-part:(L,W,R)=(71.13188pt, 412.56497pt, 113.81102pt)
* v-part:(T,H,B)=(79.6678pt, 685.71124pt, 79.6678pt)
* \paperwidth=597.50787pt
* \paperheight=845.04684pt
* \textwidth=412.56497pt
* \textheight=682.5pt
* \oddsidemargin=-1.1381pt
* \evensidemargin=-1.1381pt
* \topmargin=-30.10219pt
* \headheight=15.0pt
* \headsep=22.5pt
* \topskip=11.0pt
* \footskip=30.0pt
* \marginparwidth=50.0pt
* \marginparsep=10.0pt
* \columnsep=10.0pt
* \skip\footins=10.0pt plus 4.0pt minus 2.0pt
* \hoffset=0.0pt
* \voffset=0.0pt
* \mag=1000
* \@twocolumnfalse
* \@twosidefalse
* \@mparswitchfalse
* \@reversemarginfalse
* (1in=72.27pt=25.4mm, 1cm=28.453pt)

(/usr/local/texlive/2024/texmf-dist/tex/context/base/mkii/supp-pdf.mkii
[Loading MPS to PDF converter (version 2006.09.02).]
\scratchcounter=\count441
\scratchdimen=\dimen260
\scratchbox=\box61
\nofMPsegments=\count442
\nofMParguments=\count443
\everyMPshowfont=\toks39
\MPscratchCnt=\count444
\MPscratchDim=\dimen261
\MPnumerator=\count445
\makeMPintoPDFobject=\count446
\everyMPtoPDFconversion=\toks40
) (/usr/local/texlive/2024/texmf-dist/tex/latex/epstopdf-pkg/epstopdf-base.sty
Package: epstopdf-base 2020-01-24 v2.11 Base part for package epstopdf
Package epstopdf-base Info: Redefining graphics rule for `.eps' on input line 4
85.

(/usr/local/texlive/2024/texmf-dist/tex/latex/latexconfig/epstopdf-sys.cfg
File: epstopdf-sys.cfg 2010/07/13 v1.3 Configuration of (r)epstopdf for TeX Liv
e
))
Package caption Info: Begin \AtBeginDocument code.
Package caption Info: hyperref package is loaded.
Package caption Info: End \AtBeginDocument code.
Package biblatex Info: Trying to load language 'british'...
Package biblatex Info: ... file 'british.lbx' found.

(/usr/local/texlive/2024/texmf-dist/tex/latex/biblatex/lbx/british.lbx
File: british.lbx 2023/03/05 v3.19 biblatex localization (PK/MW)
Package biblatex Info: Trying to load language 'english'...
Package biblatex Info: ... file 'english.lbx' found.

(/usr/local/texlive/2024/texmf-dist/tex/latex/biblatex/lbx/english.lbx
File: english.lbx 2023/03/05 v3.19 biblatex localization (PK/MW)
))
Package biblatex Info: Input encoding 'utf8' detected.
Package biblatex Info: Automatic encoding selection.
(biblatex)             Assuming data encoding 'utf8'.
\openout3 = `main.bcf'.

Package biblatex Info: Trying to load bibliographic data...
Package biblatex Info: ... file 'main.bbl' found.

(./main.bbl)
Package biblatex Info: Reference section=0 on input line 86.
Package biblatex Info: Reference segment=0 on input line 86.
Package hyperref Info: Link coloring OFF on input line 86.
 (./main.out) (./main.out)
\@outlinefile=\write4
\openout4 = `main.out'.

Package hyperref Info: Option `pageanchor' set `false' on input line 91.
LaTeX Font Info:    Calculating math sizes for size <11> on input line 114.
LaTeX Font Info:    Trying to load font information for OT1+ztmcm on input line
 114.

(/usr/local/texlive/2024/texmf-dist/tex/latex/psnfss/ot1ztmcm.fd
File: ot1ztmcm.fd 2000/01/03 Fontinst v1.801 font definitions for OT1/ztmcm.
)
Package microtype Info: Loading generic protrusion settings for font family
(microtype)             `ztmcm' (encoding: OT1).
(microtype)             For optimal results, create family-specific settings.
(microtype)             See the microtype manual for details.
LaTeX Font Info:    Trying to load font information for OML+ztmcm on input line
 114.

(/usr/local/texlive/2024/texmf-dist/tex/latex/psnfss/omlztmcm.fd
File: omlztmcm.fd 2000/01/03 Fontinst v1.801 font definitions for OML/ztmcm.
)
LaTeX Font Info:    Trying to load font information for OMS+ztmcm on input line
 114.

(/usr/local/texlive/2024/texmf-dist/tex/latex/psnfss/omsztmcm.fd
File: omsztmcm.fd 2000/01/03 Fontinst v1.801 font definitions for OMS/ztmcm.
)
LaTeX Font Info:    Trying to load font information for OMX+ztmcm on input line
 114.

(/usr/local/texlive/2024/texmf-dist/tex/latex/psnfss/omxztmcm.fd
File: omxztmcm.fd 2000/01/03 Fontinst v1.801 font definitions for OMX/ztmcm.
)
(/usr/local/texlive/2024/texmf-dist/tex/latex/microtype/mt-msa.cfg
File: mt-msa.cfg 2006/02/04 v1.1 microtype config. file: AMS symbols (a) (RS)
)
(/usr/local/texlive/2024/texmf-dist/tex/latex/microtype/mt-msb.cfg
File: mt-msb.cfg 2005/06/01 v1.0 microtype config. file: AMS symbols (b) (RS)
)
LaTeX Font Info:    Trying to load font information for OT1+ptm on input line 1
14.

(/usr/local/texlive/2024/texmf-dist/tex/latex/psnfss/ot1ptm.fd
File: ot1ptm.fd 2001/06/04 font definitions for OT1/ptm.
)
LaTeX Font Info:    Font shape `OT1/ptm/bx/n' in size <11> not available
(Font)              Font shape `OT1/ptm/b/n' tried instead on input line 114.
LaTeX Font Info:    Font shape `OT1/ptm/bx/n' in size <8.14006> not available
(Font)              Font shape `OT1/ptm/b/n' tried instead on input line 114.
LaTeX Font Info:    Font shape `OT1/ptm/bx/n' in size <6.60007> not available
(Font)              Font shape `OT1/ptm/b/n' tried instead on input line 114.
 [1

{/usr/local/texlive/2024/texmf-var/fonts/map/pdftex/updmap/pdftex.map}{/usr/loc
al/texlive/2024/texmf-dist/fonts/enc/dvips/base/8r.enc}]
Package hyperref Info: Option `pageanchor' set `true' on input line 123.
 (./frontmatter/abstract.tex)
[1] (./main.toc [2

] [3] [4])
\tf@toc=\write5
\openout5 = `main.toc'.

 [5] (./main.lof)
\tf@lof=\write6
\openout6 = `main.lof'.

 [6

] (./main.lot)
\tf@lot=\write7
\openout7 = `main.lot'.

 [7

]
(./concise/01_introduction.tex
Chapter 1.
[1

] [2]) (./concise/02_methods.tex
Chapter 2.
[3] [4] [5] [6] [7]
Underfull \hbox (badness 1097) in paragraph at lines 288--296
\T1/ptm/m/n/11 power-basis equa-tions. In stand-ard numerical-linear-algebra te
r-min-o-logy, these residual-
 []

[8] [9]
LaTeX Font Info:    Font shape `OT1/ptm/bx/n' in size <10> not available
(Font)              Font shape `OT1/ptm/b/n' tried instead on input line 382.
LaTeX Font Info:    Font shape `OT1/ptm/bx/n' in size <7.4> not available
(Font)              Font shape `OT1/ptm/b/n' tried instead on input line 382.
LaTeX Font Info:    Font shape `OT1/ptm/bx/n' in size <6> not available
(Font)              Font shape `OT1/ptm/b/n' tried instead on input line 382.
) (./concise/03_simulation.tex
Chapter 3.
[10] [11]
<figures/predictive_signal_allocation.pdf, id=989, 443.7378pt x 256.5585pt>
File: figures/predictive_signal_allocation.pdf Graphic file (type pdf)
<use figures/predictive_signal_allocation.pdf>
Package pdftex.def Info: figures/predictive_signal_allocation.pdf  used on inpu
t line 82.
(pdftex.def)             Requested size: 412.56497pt x 238.54213pt.
 [12 <./figures/predictive_signal_allocation.pdf>] [13] [14] [15]
<figures/babii_style_error_boxplots_with_tails.pdf, id=1034, 443.7378pt x 440.8
4702pt>
File: figures/babii_style_error_boxplots_with_tails.pdf Graphic file (type pdf)

<use figures/babii_style_error_boxplots_with_tails.pdf>
Package pdftex.def Info: figures/babii_style_error_boxplots_with_tails.pdf  use
d on input line 294.
(pdftex.def)             Requested size: 412.56497pt x 409.88931pt.

[16] [17 <./figures/babii_style_error_boxplots_with_tails.pdf>] [18])
(./concise/04_inference.tex
Chapter 4.
[19] [20] [21]
<figures/stopping_diagnostics.pdf, id=1121, 443.7378pt x 448.07399pt>
File: figures/stopping_diagnostics.pdf Graphic file (type pdf)
<use figures/stopping_diagnostics.pdf>
Package pdftex.def Info: figures/stopping_diagnostics.pdf  used on input line 1
69.
(pdftex.def)             Requested size: 412.56497pt x 416.60876pt.
 [22] [23 <./figures/stopping_diagnostics.pdf>]
<figures/power_curves.pdf, id=1163, 443.7378pt x 419.166pt>
File: figures/power_curves.pdf Graphic file (type pdf)
<use figures/power_curves.pdf>
Package pdftex.def Info: figures/power_curves.pdf  used on input line 268.
(pdftex.def)             Requested size: 412.56497pt x 389.7308pt.
 [24] [25 <./figures/power_curves.pdf>] [26]) (./concise/05_empirical.tex
Chapter 5.

Underfull \hbox (badness 1137) in paragraph at lines 4--12
\T1/ptm/m/n/11 the gen-er-at-ing model is known. This ap-plic-a-tion ex-am-ines
 pre-dic-tion and sta-bil-ity in
 []

[27]
<figures/tablet_spectra_assay_overview.pdf, id=1212, 458.70119pt x 508.602pt>
File: figures/tablet_spectra_assay_overview.pdf Graphic file (type pdf)
<use figures/tablet_spectra_assay_overview.pdf>
Package pdftex.def Info: figures/tablet_spectra_assay_overview.pdf  used on inp
ut line 35.
(pdftex.def)             Requested size: 338.30629pt x 375.11789pt.
 [28 <./figures/tablet_spectra_assay_overview.pdf>] [29]
<figures/tablet_benchmark_observed_vs_predicted.pdf, id=1233, 483.5947pt x 463.
10617pt>
File: figures/tablet_benchmark_observed_vs_predicted.pdf Graphic file (type pdf
)
<use figures/tablet_benchmark_observed_vs_predicted.pdf>
Package pdftex.def Info: figures/tablet_benchmark_observed_vs_predicted.pdf  us
ed on input line 136.
(pdftex.def)             Requested size: 338.30629pt x 323.98837pt.
 [30])
(./concise/06_conclusion.tex
Chapter 6.
[31 <./figures/tablet_benchmark_observed_vs_predicted.pdf>] [32] [33]) [34]
MAIN-TEXT-PAGES: 34
LaTeX Font Info:    Trying to load font information for T1+pcr on input line 16
8.
(/usr/local/texlive/2024/texmf-dist/tex/latex/psnfss/t1pcr.fd
File: t1pcr.fd 2001/06/04 font definitions for T1/pcr.
)
Package microtype Info: Loading generic protrusion settings for font family
(microtype)             `pcr' (encoding: T1).
(microtype)             For optimal results, create family-specific settings.
(microtype)             See the microtype manual for details.
 [35


] [36]
(./extended/a_background.tex
Appendix A.
[37

] [38] [39]
<figures/lp_duality_geometry.pdf, id=1371, 443.7378pt x 379.4175pt>
File: figures/lp_duality_geometry.pdf Graphic file (type pdf)
<use figures/lp_duality_geometry.pdf>
Package pdftex.def Info: figures/lp_duality_geometry.pdf  used on input line 13
0.
(pdftex.def)             Requested size: 412.56497pt x 352.77356pt.
Package microtype Info: Loading generic protrusion settings for font family
(microtype)             `cmss' (encoding: OT1).
(microtype)             For optimal results, create family-specific settings.
(microtype)             See the microtype manual for details.
 [40] [41 <./figures/lp_duality_geometry.pdf>] [42] [43] [44]
[45] [46] [47] [48] [49] [50] [51]) [52] (./extended/b_mathematical_proofs.tex
Appendix B.
[53

] [54] [55] [56] [57] [58] [59] [60] [61] [62] [63] [64] [65] [66] [67]
[68] [69] [70] [71]
Underfull \hbox (badness 2213) in paragraph at lines 1264--1274
\T1/ptm/m/n/11 The con-tinu-ous map-ping the-orem now gives $\OML/ztmcm/m/it/11
 n\OMS/ztmcm/m/n/11 k\OML/ztmcm/m/it/11 u[]\OT1/ztmcm/m/n/11 (\OML/ztmcm/m/it/1
1 b\OT1/ztmcm/m/n/11 )\OMS/ztmcm/m/n/11 k[] \U/msa/m/n/11   \OMS/ztmcm/m/n/11 k
\OML/ztmcm/m/it/11 G\OMS/ztmcm/m/n/11 k[]$\T1/ptm/m/n/11 . Ap-ply-ing the co-v-

 []


Underfull \hbox (badness 1490) in paragraph at lines 1264--1274
\T1/ptm/m/n/11 ari-ance spec-tral rep-res-ent-a-tion to $\OML/ztmcm/m/it/11 G$ 
\T1/ptm/m/n/11 yields $\OML/ztmcm/m/it/11 G \OT1/ztmcm/m/n/11 = [][] []\OML/ztm
cm/m/it/11 Z[]w[]$ \T1/ptm/m/n/11 in mean square for or-
 []

[72] [73] [74]) [75] (./extended/c_methods.tex
Appendix C.
[76

] [77] [78] [79] [80] [81]
<figures/krylov_geometry.pdf, id=1774, 443.7378pt x 224.037pt>
File: figures/krylov_geometry.pdf Graphic file (type pdf)
<use figures/krylov_geometry.pdf>
Package pdftex.def Info: figures/krylov_geometry.pdf  used on input line 425.
(pdftex.def)             Requested size: 396.06514pt x 199.97343pt.
 [82] [83 <./figures/krylov_geometry.pdf>]
[84]
<figures/quadratic_trajectory_2d.pdf, id=1829, 216.81pt x 216.81pt>
File: figures/quadratic_trajectory_2d.pdf Graphic file (type pdf)
<use figures/quadratic_trajectory_2d.pdf>
Package pdftex.def Info: figures/quadratic_trajectory_2d.pdf  used on input lin
e 609.
(pdftex.def)             Requested size: 202.15909pt x 202.17046pt.
<figures/quadratic_surface_3d.pdf, id=1830, 216.81pt x 216.81pt>
File: figures/quadratic_surface_3d.pdf Graphic file (type pdf)
<use figures/quadratic_surface_3d.pdf>
Package pdftex.def Info: figures/quadratic_surface_3d.pdf  used on input line 6
15.
(pdftex.def)             Requested size: 202.15909pt x 202.17046pt.
 [85] [86 <./figures/quadratic_trajectory_2d.pdf> <./figures/quadratic_surface_
3d.pdf>]) [87] [88] (./extended/d_simulation_design.tex
Appendix D.
[89

] [90]
<figures/true_slope_structure.pdf, id=1916, 443.7378pt x 458.9145pt>
File: figures/true_slope_structure.pdf Graphic file (type pdf)
<use figures/true_slope_structure.pdf>
Package pdftex.def Info: figures/true_slope_structure.pdf  used on input line 1
90.
(pdftex.def)             Requested size: 408.44157pt x 422.42354pt.
<figures/covariance_spectrum.pdf, id=1918, 443.7378pt x 238.49101pt>
File: figures/covariance_spectrum.pdf Graphic file (type pdf)
<use figures/covariance_spectrum.pdf>
Package pdftex.def Info: figures/covariance_spectrum.pdf  used on input line 20
8.
(pdftex.def)             Requested size: 396.06514pt x 212.87495pt.
 [91] [92 <./figures/true_slope_structure.pdf>] [93 <./figures/covariance_spect
rum.pdf>]
File: figures/predictive_signal_allocation.pdf Graphic file (type pdf)
<use figures/predictive_signal_allocation.pdf>
Package pdftex.def Info: figures/predictive_signal_allocation.pdf  used on inpu
t line 289.
(pdftex.def)             Requested size: 396.06514pt x 229.00186pt.
<figures/functional_predictor_examples.pdf, id=1982, 443.7378pt x 325.215pt>
File: figures/functional_predictor_examples.pdf Graphic file (type pdf)
<use figures/functional_predictor_examples.pdf>
Package pdftex.def Info: figures/functional_predictor_examples.pdf  used on inp
ut line 308.
(pdftex.def)             Requested size: 396.06514pt x 290.28404pt.
 [94] [95 <./figures/functional_predictor_examples.pdf>]
[96] [97] [98]
Underfull \hbox (badness 1484) in paragraph at lines 536--542
\T1/ptm/m/n/11 quantile plots. They re-main in every primary ISE and MSPE sum-m
ary. With $[][] \OT1/ztmcm/m/n/11 =
 []

[99]) [100] (./extended/e_estimation_results.tex
Appendix E.
File: figures/babii_style_error_boxplots_with_tails.pdf Graphic file (type pdf)

<use figures/babii_style_error_boxplots_with_tails.pdf>
Package pdftex.def Info: figures/babii_style_error_boxplots_with_tails.pdf  use
d on input line 83.
(pdftex.def)             Requested size: 412.56497pt x 409.88931pt.
[101

] [102] [103] [104] [105] [106]
<figures/bias_variance_decomposition.pdf, id=2097, 443.7378pt x 440.84702pt>
File: figures/bias_variance_decomposition.pdf Graphic file (type pdf)
<use figures/bias_variance_decomposition.pdf>
Package pdftex.def Info: figures/bias_variance_decomposition.pdf  used on input
 line 313.
(pdftex.def)             Requested size: 412.56497pt x 409.88931pt.
 [107] [108 <./figures/bias_variance_decomposition.pdf>]
<figures/bias_variance_decomposition_raw_stable_subset.pdf, id=2123, 443.7378pt
 x 440.84702pt>
File: figures/bias_variance_decomposition_raw_stable_subset.pdf Graphic file (t
ype pdf)
<use figures/bias_variance_decomposition_raw_stable_subset.pdf>
Package pdftex.def Info: figures/bias_variance_decomposition_raw_stable_subset.
pdf  used on input line 388.
(pdftex.def)             Requested size: 412.56497pt x 409.88931pt.
 [109] [110 <./figures/bias_variance_decomposition_raw_stable_subset.pdf>] [111
]) [112] (./extended/f_simulation_diagnostics.tex
Appendix F.
<figures/basis_coefficient_histograms.pdf, id=2171, page=1, 443.7378pt x 339.66
899pt>
File: figures/basis_coefficient_histograms.pdf Graphic file (type pdf)
<use figures/basis_coefficient_histograms.pdf, page 1>
Package pdftex.def Info: figures/basis_coefficient_histograms.pdf , page1 used 
on input line 24.
(pdftex.def)             Requested size: 412.56497pt x 315.81633pt.
[113

]
<figures/basis_coefficient_histograms.pdf, id=2177, page=2, 443.7378pt x 339.66
899pt>
File: figures/basis_coefficient_histograms.pdf Graphic file (type pdf)
<use figures/basis_coefficient_histograms.pdf, page 2>
Package pdftex.def Info: figures/basis_coefficient_histograms.pdf , page2 used 
on input line 33.
(pdftex.def)             Requested size: 412.56497pt x 315.81633pt.
 [114 <./figures/basis_coefficient_histograms.pdf>]
<figures/basis_coefficient_histograms.pdf, id=2204, page=3, 443.7378pt x 339.66
899pt>
File: figures/basis_coefficient_histograms.pdf Graphic file (type pdf)
<use figures/basis_coefficient_histograms.pdf, page 3>
Package pdftex.def Info: figures/basis_coefficient_histograms.pdf , page3 used 
on input line 41.
(pdftex.def)             Requested size: 412.56497pt x 315.81633pt.
 [115 <./figures/basis_coefficient_histograms.pdf>] [116 <./figures/basis_coeff
icient_histograms.pdf>]
<figures/beta_point_histograms.pdf, id=2213, page=1, 443.7378pt x 458.9145pt>
File: figures/beta_point_histograms.pdf Graphic file (type pdf)
<use figures/beta_point_histograms.pdf, page 1>
Package pdftex.def Info: figures/beta_point_histograms.pdf , page1 used on inpu
t line 52.
(pdftex.def)             Requested size: 412.56497pt x 426.68803pt.
<figures/beta_point_histograms.pdf, id=2214, page=2, 443.7378pt x 458.9145pt>
File: figures/beta_point_histograms.pdf Graphic file (type pdf)
<use figures/beta_point_histograms.pdf, page 2>
Package pdftex.def Info: figures/beta_point_histograms.pdf , page2 used on inpu
t line 60.
(pdftex.def)             Requested size: 412.56497pt x 426.68803pt.
[117

 <./figures/beta_point_histograms.pdf>]
<figures/beta_point_histograms.pdf, id=2234, page=3, 443.7378pt x 458.9145pt>
File: figures/beta_point_histograms.pdf Graphic file (type pdf)
<use figures/beta_point_histograms.pdf, page 3>
Package pdftex.def Info: figures/beta_point_histograms.pdf , page3 used on inpu
t line 68.
(pdftex.def)             Requested size: 412.56497pt x 426.68803pt.
 [118 <./figures/beta_point_histograms.pdf>] [119 <./figures/beta_point_histogr
ams.pdf>]
<figures/coefficient_normal_qq.pdf, id=2244, page=1, 443.7378pt x 346.89601pt>
File: figures/coefficient_normal_qq.pdf Graphic file (type pdf)
<use figures/coefficient_normal_qq.pdf, page 1>
Package pdftex.def Info: figures/coefficient_normal_qq.pdf , page1 used on inpu
t line 79.
(pdftex.def)             Requested size: 412.56497pt x 322.53584pt.
<figures/coefficient_normal_qq.pdf, id=2245, page=2, 443.7378pt x 346.89601pt>
File: figures/coefficient_normal_qq.pdf Graphic file (type pdf)
<use figures/coefficient_normal_qq.pdf, page 2>
Package pdftex.def Info: figures/coefficient_normal_qq.pdf , page2 used on inpu
t line 89.
(pdftex.def)             Requested size: 412.56497pt x 322.53584pt.
 [120

 <./figures/coefficient_normal_qq.pdf>]
<figures/coefficient_normal_qq.pdf, id=2417, page=3, 443.7378pt x 346.89601pt>
File: figures/coefficient_normal_qq.pdf Graphic file (type pdf)
<use figures/coefficient_normal_qq.pdf, page 3>
Package pdftex.def Info: figures/coefficient_normal_qq.pdf , page3 used on inpu
t line 98.
(pdftex.def)             Requested size: 412.56497pt x 322.53584pt.
) [121 <./figures/coefficient_normal_qq.pdf>] [122 <./figures/coefficient_norma
l_qq.pdf>] (./extended/g_inference_methodology.tex
Appendix G.
[123

] [124] [125] [126] [127] [128] [129] [130] [131] [132]) [133]
(./extended/h_inference_results.tex
Appendix H.
[134

]
File: figures/stopping_diagnostics.pdf Graphic file (type pdf)
<use figures/stopping_diagnostics.pdf>
Package pdftex.def Info: figures/stopping_diagnostics.pdf  used on input line 7
5.
(pdftex.def)             Requested size: 412.56497pt x 416.60876pt.
 [135] [136]
<figures/null_calibration.pdf, id=2590, 443.7378pt x 448.07399pt>
File: figures/null_calibration.pdf Graphic file (type pdf)
<use figures/null_calibration.pdf>
Package pdftex.def Info: figures/null_calibration.pdf  used on input line 180.
(pdftex.def)             Requested size: 412.56497pt x 416.60876pt.
 [137] [138 <./figures/null_calibration.pdf>] [139]
File: figures/power_curves.pdf Graphic file (type pdf)
<use figures/power_curves.pdf>
Package pdftex.def Info: figures/power_curves.pdf  used on input line 270.
(pdftex.def)             Requested size: 412.56497pt x 389.7308pt.
 [140]
<figures/confidence_sets.pdf, id=2642, 443.7378pt x 419.166pt>
File: figures/confidence_sets.pdf Graphic file (type pdf)
<use figures/confidence_sets.pdf>
Package pdftex.def Info: figures/confidence_sets.pdf  used on input line 347.
(pdftex.def)             Requested size: 412.56497pt x 389.7308pt.

[141] [142 <./figures/confidence_sets.pdf>]) [143]
(./extended/i_inference_diagnostics.tex
Appendix I.
<figures/calibration_comparison.pdf, id=2675, 443.7378pt x 252.945pt>
File: figures/calibration_comparison.pdf Graphic file (type pdf)
<use figures/calibration_comparison.pdf>
Package pdftex.def Info: figures/calibration_comparison.pdf  used on input line
 17.
(pdftex.def)             Requested size: 396.06514pt x 225.77647pt.
) [144

 <./figures/calibration_comparison.pdf>]
(./extended/j_spectroscopy_application.tex
Appendix J.
File: figures/tablet_spectra_assay_overview.pdf Graphic file (type pdf)
<use figures/tablet_spectra_assay_overview.pdf>
Package pdftex.def Info: figures/tablet_spectra_assay_overview.pdf  used on inp
ut line 51.
(pdftex.def)             Requested size: 338.30629pt x 375.11789pt.
[145

] [146] [147]
File: figures/tablet_benchmark_observed_vs_predicted.pdf Graphic file (type pdf
)
<use figures/tablet_benchmark_observed_vs_predicted.pdf>
Package pdftex.def Info: figures/tablet_benchmark_observed_vs_predicted.pdf  us
ed on input line 168.
(pdftex.def)             Requested size: 354.80612pt x 339.7889pt.
<figures/tablet_benchmark_rmse_intervals.pdf, id=2720, 452.3324pt x 263.05653pt
>
File: figures/tablet_benchmark_rmse_intervals.pdf Graphic file (type pdf)
<use figures/tablet_benchmark_rmse_intervals.pdf>
Package pdftex.def Info: figures/tablet_benchmark_rmse_intervals.pdf  used on i
nput line 187.
(pdftex.def)             Requested size: 321.80017pt x 187.14876pt.
 [148] [149 <./figures/tablet_benchmark_rmse_intervals.pdf>]
<figures/tablet_development_selected_components.pdf, id=2741, 458.81223pt x 306
.91878pt>
File: figures/tablet_development_selected_components.pdf Graphic file (type pdf
)
<use figures/tablet_development_selected_components.pdf>
Package pdftex.def Info: figures/tablet_development_selected_components.pdf  us
ed on input line 243.
(pdftex.def)             Requested size: 338.30629pt x 226.32018pt.

[150 <./figures/tablet_development_selected_components.pdf>]) [151]
(./extended/k_spectroscopy_diagnostics.tex
Appendix K.
LaTeX Font Info:    Trying to load font information for TS1+ptm on input line 1
9.
(/usr/local/texlive/2024/texmf-dist/tex/latex/psnfss/ts1ptm.fd
File: ts1ptm.fd 2001/06/04 font definitions for TS1/ptm.
) [152

] [153]
Underfull \hbox (badness 10000) in paragraph at lines 138--139
[]|\T1/ptm/m/n/10 Repeated de-vel-op-
 []


Underfull \hbox (badness 10000) in paragraph at lines 153--154
[]|\T1/ptm/m/n/10 Designated bench-
 []


Underfull \hbox (badness 10000) in paragraph at lines 156--157
[]|\T1/ptm/m/n/10 Conditional boot-
 []

[154] [155] [156]
<figures/tablet_benchmark_residuals.pdf, id=2807, 483.23636pt x 442.0756pt>
File: figures/tablet_benchmark_residuals.pdf Graphic file (type pdf)
<use figures/tablet_benchmark_residuals.pdf>
Package pdftex.def Info: figures/tablet_benchmark_residuals.pdf  used on input 
line 376.
(pdftex.def)             Requested size: 363.05919pt x 332.14275pt.
 [157] [158 <./figures/tablet_benchmark_residuals.pdf>]
<figures/tablet_raw_arnoldi_numerical_diagnostics.pdf, id=2830, 458.69206pt x 4
94.14801pt>
File: figures/tablet_raw_arnoldi_numerical_diagnostics.pdf Graphic file (type p
df)
<use figures/tablet_raw_arnoldi_numerical_diagnostics.pdf>
Package pdftex.def Info: figures/tablet_raw_arnoldi_numerical_diagnostics.pdf  
used on input line 443.
(pdftex.def)             Requested size: 338.30629pt x 364.45738pt.
<figures/tablet_benchmark_sensitivity_rmse.pdf, id=2833, 480.3383pt x 335.09854
pt>
File: figures/tablet_benchmark_sensitivity_rmse.pdf Graphic file (type pdf)
<use figures/tablet_benchmark_sensitivity_rmse.pdf>
Package pdftex.def Info: figures/tablet_benchmark_sensitivity_rmse.pdf  used on
 input line 506.
(pdftex.def)             Requested size: 354.80612pt x 247.5344pt.
)
[159] [160 <./figures/tablet_raw_arnoldi_numerical_diagnostics.pdf>] [161 <./fi
gures/tablet_benchmark_sensitivity_rmse.pdf>] (./frontmatter/declaration.tex)
[162

] (./main.aux)
 ***********
LaTeX2e <2023-11-01> patch level 1
L3 programming layer <2024-02-20>
 ***********
Package rerunfilecheck Info: File `main.out' has not changed.
(rerunfilecheck)             Checksum: 8EBE08B735554704100C4538A9C9D900;31112.
Package logreq Info: Writing requests to 'main.run.xml'.
\openout1 = `main.run.xml'.

 ) 
Here is how much of TeX's memory you used:
 26250 strings out of 474116
 468029 string characters out of 5743682
 1944187 words of memory out of 5000000
 47542 multiletter control sequences out of 15000+600000
 649753 words of font info for 171 fonts, out of 8000000 for 9000
 1141 hyphenation exceptions out of 8191
 66i,14n,81p,1084b,2365s stack positions out of 10000i,1000n,20000p,200000b,200000s
</usr/local/texlive/2024/texmf-dist/fonts/type1/public/amsfonts/cm/cmex10.pfb
></usr/local/texlive/2024/texmf-dist/fonts/type1/public/amsfonts/cm/cmmi10.pfb>
</usr/local/texlive/2024/texmf-dist/fonts/type1/public/amsfonts/cm/cmr10.pfb></
usr/local/texlive/2024/texmf-dist/fonts/type1/public/amsfonts/cm/cmss8.pfb></us
r/local/texlive/2024/texmf-dist/fonts/type1/public/amsfonts/cm/cmsy10.pfb></usr
/local/texlive/2024/texmf-dist/fonts/type1/public/amsfonts/symbols/msam10.pfb><
/usr/local/texlive/2024/texmf-dist/fonts/type1/public/amsfonts/symbols/msbm10.p
fb></usr/local/texlive/2024/texmf-dist/fonts/type1/public/rsfs/rsfs10.pfb></usr
/local/texlive/2024/texmf-dist/fonts/type1/urw/courier/ucrr8a.pfb></usr/local/t
exlive/2024/texmf-dist/fonts/type1/urw/symbol/usyr.pfb></usr/local/texlive/2024
/texmf-dist/fonts/type1/urw/symbol/usyr.pfb></usr/local/texlive/2024/texmf-dist
/fonts/type1/urw/times/utmb8a.pfb></usr/local/texlive/2024/texmf-dist/fonts/typ
e1/urw/times/utmr8a.pfb></usr/local/texlive/2024/texmf-dist/fonts/type1/urw/tim
es/utmri8a.pfb>
Output written on main.pdf (170 pages, 1607691 bytes).
PDF statistics:
 3096 PDF objects out of 3580 (max. 8388607)
 2519 compressed objects within 26 object streams
 649 named destinations out of 1000 (max. 500000)
 25817 words of extra memory for PDF output out of 29859 (max. 10000000)

